/home/marta/Downloads/sane-backends-1.0.27
.
./po
./po/POTFILES
./po/de.po
./po/uk.po
./po/pt.gmo
./po/fr.gmo
./po/en@quot.insert-header
./po/nb.po
./po/Makevars
./po/da.po
./po/en@boldquot.po
./po/gl.gmo
./po/Makefile
./po/sane-backends.pot
./po/en@quot.gmo
./po/POTFILES.in
./po/Rules-quot
./po/ru.po
./po/en@boldquot.insert-header
./po/en_GB.gmo
./po/remove-potcdate.sin
./po/hu.gmo
./po/es.po
./po/LINGUAS
./po/stamp-po
./po/pl.po
./po/pl.gmo
./po/hu.po
./po/fr.po
./po/en@boldquot.gmo
./po/bg.po
./po/en@quot.po
./po/en_GB.po
./po/eo.po
./po/en@boldquot.header
./po/Makefile.in.in
./po/cs.gmo
./po/insert-header.sin
./po/uk.gmo
./po/ja.gmo
./po/sv.po
./po/cs.po
./po/eo.gmo
./po/bg.gmo
./po/sv.gmo
./po/nl.po
./po/Makefile.in
./po/da.gmo
./po/remove-potcdate.sed
./po/ja.po
./po/it.po
./po/nl.gmo
./po/nb.gmo
./po/fi.gmo
./po/README
./po/quot.sed
./po/boldquot.sed
./po/de.gmo
./po/pt.po
./po/Rules-automake
./po/it.gmo
./po/ru.gmo
./po/en@quot.header
./po/.gitignore
./po/gl.po
./po/es.gmo
./po/fi.po
./README.linux
./feh_007086_000001_filelist
./PROBLEMS
./.gitlab-ci.yml
./installation.txt
./test.ppm
./README.darwin
./ChangeLogs
./ChangeLogs/ChangeLog-1.0.16
./ChangeLogs/ChangeLog-1.0.24
./ChangeLogs/ChangeLog-1.0.6
./ChangeLogs/ChangeLog-1.0.1
./ChangeLogs/ChangeLog-1.0.4
./ChangeLogs/ChangeLog-1.0.17
./ChangeLogs/ChangeLog-1.0.2
./ChangeLogs/ChangeLog-1.0.3
./ChangeLogs/ChangeLog-1.0.14
./ChangeLogs/ChangeLog-1.0.8
./ChangeLogs/ChangeLog-1.0.20
./ChangeLogs/ChangeLog-1.0.0
./ChangeLogs/ChangeLog-1.0.19
./ChangeLogs/ChangeLog-1.0.27
./ChangeLogs/ChangeLog-1.0.5
./ChangeLogs/ChangeLog-1.0.7
./ChangeLogs/ChangeLog-1.0.22
./ChangeLogs/ChangeLog-1.0.21
./ChangeLogs/ChangeLog-1.0.12
./ChangeLogs/ChangeLog-1.0.18
./ChangeLogs/ChangeLog-1.0.9
./ChangeLogs/ChangeLog-1.0.13
./ChangeLogs/ChangeLog-1.0.15
./ChangeLogs/ChangeLog-1.0.10
./ChangeLogs/ChangeLog-1.0.23
./ChangeLogs/ChangeLog-1.0.25
./Makefile
./README.beos
./COPYING
./test-driver
./AUTHORS
./config.status
./mkinstalldirs
./aclocal.m4
./README.djpeg
./doc
./doc/sane-agfafocus.man
./doc/sane-dc240.5
./doc/sane.ps
./doc/sane.man
./doc/saned.8
./doc/sane-ibm.man
./doc/sane-umax1220u.5
./doc/sane-kodak.man
./doc/sane-cardscan.man
./doc/sane-dc240.man
./doc/gamma4scanimage.1
./doc/sane.png
./doc/sane-sm3600.man
./doc/sane-logo.png
./doc/sane-hp5400.5
./doc/sane-coolscan2.man
./doc/sane-sharp.5
./doc/sane.lof
./doc/sane-dc210.5
./doc/sane-abaton.5
./doc/doxygen-genesys.conf
./doc/sane-hp3900.5
./doc/sane-hp.5
./doc/sane-hp4200.5
./doc/sane-canon.man
./doc/sane-ibm.5
./doc/sane-coolscan3.5
./doc/sane-sceptre.man
./doc/sane-kodak.5
./doc/sane-mustek_usb.5
./doc/sane-fujitsu.5
./doc/sane-teco3.man
./doc/sane-apple.man
./doc/sane-u12.5
./doc/figs
./doc/figs/flow.eps
./doc/figs/hierarchy.eps
./doc/figs/xfer.eps
./doc/figs/hierarchy.pdf
./doc/figs/flow.fig
./doc/figs/image-data.eps
./doc/figs/area.eps
./doc/figs/area.pdf
./doc/figs/area.fig
./doc/figs/image-data.fig
./doc/figs/flow.pdf
./doc/figs/xfer.fig
./doc/figs/xfer.pdf
./doc/figs/image-data.pdf
./doc/figs/hierarchy.fig
./doc/sane-mustek_pp.5
./doc/sane-dc25.man
./doc/sane-net.man
./doc/sane-genesys.man
./doc/sane-niash.5
./doc/sane-coolscan2.5
./doc/sane-teco2.man
./doc/sane-teco1.man
./doc/net.tex
./doc/gamma4scanimage.man
./doc/gt68xx
./doc/gt68xx/gt68xx.TODO
./doc/gt68xx/gt68xx.CHANGES
./doc/sane-pint.man
./doc/sane-epsonds.5
./doc/sane-kodakaio.man
./doc/sane-umax_pp.man
./doc/Makefile
./doc/sane-umax_pp.5
./doc/sane-artec_eplus48u.5
./doc/teco
./doc/teco/teco2.txt
./doc/teco/teco1.txt
./doc/teco/teco3.txt
./doc/sane-kvs20xx.5
./doc/mustek_usb2
./doc/mustek_usb2/mustek_usb2.TODO
./doc/mustek_usb2/mustek_usb2.CHANGES
./doc/sane-mustek_usb.man
./doc/matsushita
./doc/matsushita/matsushita.txt
./doc/sceptre
./doc/sceptre/s1200.txt
./doc/sane-backends-external.html
./doc/sane.dvi
./doc/sane-sp15c.5
./doc/sane-s9036.man
./doc/sane-fujitsu.man
./doc/sane-umax.man
./doc/sane-gt68xx.5
./doc/sane-ricoh.man
./doc/sane-artec.5
./doc/saned.man
./doc/sane-microtek.man
./doc/sane.pdf
./doc/sane-rts8891.5
./doc/sane-epson2.man
./doc/sane-backends.html
./doc/sane-magicolor.man
./doc/sane-plustek.man
./doc/sane-snapscan.5
./doc/doxygen-sanei.conf
./doc/sane-hp5590.man
./doc/sane-find-scanner.man
./doc/sane-hpljm1005.man
./doc/sane-kvs1025.man
./doc/sane-pint.5
./doc/descriptions-external
./doc/descriptions-external/brother-mfc4600.desc
./doc/descriptions-external/panamfs.desc
./doc/descriptions-external/hpaio.desc
./doc/descriptions-external/mustek_a3p1.desc
./doc/descriptions-external/template.desc.
./doc/descriptions-external/samsung.desc
./doc/descriptions-external/kodak-twain.desc
./doc/descriptions-external/geniusvp2.desc
./doc/descriptions-external/primascan.desc
./doc/descriptions-external/epkowa.desc
./doc/descriptions-external/primax.desc
./doc/descriptions-external/scanwit.desc
./doc/descriptions-external/canon_mfp.desc
./doc/descriptions-external/cs3200f.desc
./doc/descriptions-external/brother2.desc
./doc/descriptions-external/brother.desc
./doc/descriptions-external/hp8200.desc
./doc/descriptions-external/utsushi.desc
./doc/descriptions-external/hpoj.desc
./doc/descriptions-external/hp3770.desc
./doc/descriptions-external/v4l2.desc
./doc/descriptions-external/lhii.desc
./doc/descriptions-external/viceo.desc
./doc/sane-epson.5
./doc/sane-dc210.man
./doc/sane-dmc.5
./doc/sane-plustek_pp.man
./doc/sane-microtek.5
./doc/sane-tamarack.man
./doc/sane-hp3900.man
./doc/sane-pieusb.5
./doc/sane-sp15c.man
./doc/sane-canon_dr.5
./doc/sane-dll.man
./doc/sane-pixma.5
./doc/sane-bh.5
./doc/sane-usb.5
./doc/sane-sharp.man
./doc/sane-canon630u.man
./doc/sane-sm3840.5
./doc/sane-niash.man
./doc/sane-test.man
./doc/sane-pnm.man
./doc/sane-microtek2.5
./doc/sane-mustek_pp.man
./doc/sane-canon630u.5
./doc/sane-v4l.man
./doc/sane-magicolor.5
./doc/sane-mustek.5
./doc/sane-test.5
./doc/sane-pie.5
./doc/sane-mfgs-external.html
./doc/sane-gphoto2.5
./doc/sane-mustek_usb2.5
./doc/sane-abaton.man
./doc/sane-nec.5
./doc/sane-ma1509.man
./doc/Makefile.am
./doc/sane-leo.5
./doc/sane-gphoto2.man
./doc/sane-kvs20xx.man
./doc/sane-artec_eplus48u.man
./doc/sane-epsonds.man
./doc/descriptions.txt
./doc/sane-teco2.5
./doc/sane-scsi.5
./doc/sane-kvs1025.5
./doc/sane-hp.man
./doc/sane.tex
./doc/u12
./doc/u12/U12.todo
./doc/u12/U12.changes
./doc/sane-hpsj5s.5
./doc/canon
./doc/canon/canon.changes
./doc/canon/canon.install2700F.txt
./doc/sane-coolscan.man
./doc/sane.ilg
./doc/sane-snapscan.man
./doc/sane-find-scanner.1
./doc/sane.lot
./doc/sane-st400.man
./doc/sane-cardscan.5
./doc/sane-plustek_pp.5
./doc/sane-microtek2.man
./doc/sane.idx
./doc/Makefile.in
./doc/sane-ricoh.5
./doc/sane-epjitsu.man
./doc/sane-stv680.5
./doc/sane-xerox_mfp.5
./doc/sane-canon_pp.man
./doc/sane.aux
./doc/sane-dll.5
./doc/sane-dc25.5
./doc/sane-hpsj5s.man
./doc/sane-avision.5
./doc/sane-genesys.5
./doc/sane-tamarack.5
./doc/sane-sceptre.5
./doc/sane-hp3500.man
./doc/doxygen-sanei.conf.in
./doc/sane-ma1509.5
./doc/sane-hp5400.man
./doc/leo
./doc/leo/leo.txt
./doc/sane-xerox_mfp.man
./doc/mustek
./doc/mustek/mustek.CHANGES
./doc/sane-plustek.5
./doc/sane-artec.man
./doc/sane-p5.5
./doc/sane-p5.man
./doc/sane-pie.man
./doc/sane-epson.man
./doc/mustek_usb
./doc/mustek_usb/mustek_usb.CHANGES
./doc/mustek_usb/mustek_usb.TODO
./doc/sane-teco1.5
./doc/sane-kvs40xx.man
./doc/sane-nec.man
./doc/sane-canon.5
./doc/sane-leo.man
./doc/sane-hp3500.5
./doc/sane-dmc.man
./doc/sane-teco3.5
./doc/sane-matsushita.man
./doc/sane-net.5
./doc/sane-hpljm1005.5
./doc/doxygen-genesys.conf.in
./doc/sane-as6e.5
./doc/icons
./doc/icons/next_gr.gif
./doc/icons/up.gif
./doc/icons/references.gif
./doc/icons/contents.gif
./doc/icons/previous.gif
./doc/icons/up_gr.gif
./doc/icons/index.gif
./doc/icons/next.gif
./doc/icons/previous_gr.gif
./doc/icons/references_gr.gif
./doc/sane-lexmark.5
./doc/sane-pnm.5
./doc/sane-umax1220u.man
./doc/backend-writing.txt
./doc/scanimage.1
./doc/sane-config.man
./doc/sane-st400.5
./doc/releases.txt
./doc/sane-as6e.man
./doc/sane-hs2p.5
./doc/sane-gt68xx.man
./doc/sane-sm3840.man
./doc/sane-mfgs.html
./doc/sane-kvs40xx.5
./doc/sane-bh.man
./doc/sane.toc
./doc/sane-sm3600.5
./doc/descriptions
./doc/descriptions/genesys.desc
./doc/descriptions/ma1509.desc
./doc/descriptions/gphoto2.desc
./doc/descriptions/fujitsu.desc
./doc/descriptions/teco3.desc
./doc/descriptions/agfafocus.desc
./doc/descriptions/magicolor.desc
./doc/descriptions/avision.desc
./doc/descriptions/kvs1025.desc
./doc/descriptions/hp3900.desc
./doc/descriptions/matsushita.desc
./doc/descriptions/mustek_pp.desc
./doc/descriptions/kodakaio.desc
./doc/descriptions/umax1220u.desc
./doc/descriptions/mustek_usb2.desc
./doc/descriptions/template.desc.
./doc/descriptions/microtek2.desc
./doc/descriptions/pint.desc
./doc/descriptions/sp15c.desc
./doc/descriptions/sharp.desc
./doc/descriptions/coolscan3.desc
./doc/descriptions/p5.desc
./doc/descriptions/hp5590.desc
./doc/descriptions/coolscan.desc
./doc/descriptions/dc25.desc
./doc/descriptions/ibm.desc
./doc/descriptions/microtek.desc
./doc/descriptions/canon_pp.desc
./doc/descriptions/bh.desc
./doc/descriptions/mustek.desc
./doc/descriptions/umax_pp.desc
./doc/descriptions/rts8891.desc
./doc/descriptions/hpsj5s.desc
./doc/descriptions/dell1600n_net.desc
./doc/descriptions/pnm.desc
./doc/descriptions/ricoh.desc
./doc/descriptions/nec.desc
./doc/descriptions/hp.desc
./doc/descriptions/hp5400.desc
./doc/descriptions/v4l.desc
./doc/descriptions/artec.desc
./doc/descriptions/dc240.desc
./doc/descriptions/epson.desc
./doc/descriptions/net.desc
./doc/descriptions/test.desc
./doc/descriptions/hpljm1005.desc
./doc/descriptions/s9036.desc
./doc/descriptions/kodak.desc
./doc/descriptions/xerox_mfp.desc
./doc/descriptions/pie.desc
./doc/descriptions/sceptre.desc
./doc/descriptions/cardscan.desc
./doc/descriptions/coolscan2.desc
./doc/descriptions/canon_dr.desc
./doc/descriptions/dc210.desc
./doc/descriptions/kvs20xx.desc
./doc/descriptions/leo.desc
./doc/descriptions/snapscan.desc
./doc/descriptions/sm3840.desc
./doc/descriptions/u12.desc
./doc/descriptions/canon.desc
./doc/descriptions/tamarack.desc
./doc/descriptions/kvs40xx.desc
./doc/descriptions/plustek_pp.desc
./doc/descriptions/sm3600.desc
./doc/descriptions/teco1.desc
./doc/descriptions/apple.desc
./doc/descriptions/epson2.desc
./doc/descriptions/hp4200.desc
./doc/descriptions/stv680.desc
./doc/descriptions/qcam.desc
./doc/descriptions/abaton.desc
./doc/descriptions/gt68xx.desc
./doc/descriptions/st400.desc
./doc/descriptions/lexmark.desc
./doc/descriptions/niash.desc
./doc/descriptions/teco2.desc
./doc/descriptions/mustek_usb.desc
./doc/descriptions/artec_eplus48u.desc
./doc/descriptions/dll.desc
./doc/descriptions/unsupported.desc
./doc/descriptions/hp3500.desc
./doc/descriptions/umax.desc
./doc/descriptions/as6e.desc
./doc/descriptions/epjitsu.desc
./doc/descriptions/pieusb.desc
./doc/descriptions/dmc.desc
./doc/descriptions/canon630u.desc
./doc/descriptions/pixma.desc
./doc/descriptions/hs2p.desc
./doc/descriptions/plustek.desc
./doc/descriptions/epsonds.desc
./doc/sane-rts8891.man
./doc/sane-logo2.jpg
./doc/sane-pieusb.man
./doc/umax
./doc/umax/sane-umax-histogram.jpg
./doc/umax/sane-umax.jpg
./doc/umax/sane-umax-parport-doc.html
./doc/umax/sane-umax-standard.jpg
./doc/umax/sane-umax-scanner-clones-doc.html
./doc/umax/umax.FAQ
./doc/umax/sane-umax-vista-doc.html
./doc/umax/sane-umax-text2.jpg
./doc/umax/sane-umax-powerlook-doc.html
./doc/umax/sane-umax-speed-doc.html
./doc/umax/sane-umax-advanced-options-doc.html
./doc/umax/sane-umax-astra-doc.html
./doc/umax/negative-types.txt
./doc/umax/sane-umax-text.jpg
./doc/umax/umax.BUGS
./doc/umax/sane-umax-doc.html
./doc/umax/sane-umax-not-listed-doc.html
./doc/umax/sane-umax-mirage-doc.html
./doc/umax/sane-umax-others-doc.html
./doc/umax/sane-umax-advanced.jpg
./doc/umax/umax.TODO
./doc/umax/sane-umax-config-doc.html
./doc/umax/sane-umax-uc-doc.html
./doc/umax/umax.CHANGES
./doc/umax/sane-umax-standard-options-doc.html
./doc/umax/sane-umax-text4.jpg
./doc/umax/sane-logo.jpg
./doc/sane-canon_dr.man
./doc/sane-u12.man
./doc/sane-epson2.5
./doc/sane.7
./doc/sane-hp5590.5
./doc/plustek
./doc/plustek/Plustek-USB.txt
./doc/plustek/Plustek-USB-TODO.txt
./doc/plustek/MakeModule.sh
./doc/plustek/Plustek-PARPORT.txt
./doc/plustek/FAQ
./doc/plustek/Plustek-USB.changes
./doc/plustek/Plustek-PARPORT-TODO.txt
./doc/plustek/Plustek-PARPORT.changes
./doc/plustek/Makefile.kernel26
./doc/plustek/Makefile.kernel24
./doc/sane-kodakaio.5
./doc/sane-lexmark.man
./doc/sane-mustek.man
./doc/sane-config.1
./doc/niash
./doc/niash/niash.TODO
./doc/sane-coolscan.5
./doc/sane-umax.5
./doc/.gitignore
./doc/sane.log
./doc/sane-scsi.man
./doc/scanimage.man
./doc/sane-qcam.5
./doc/sane-v4l.5
./doc/sane-usb.man
./doc/sane-mustek_usb2.man
./doc/sane-pixma.man
./doc/sane-agfafocus.5
./doc/sane-epjitsu.5
./doc/sane-avision.man
./doc/sane-stv680.man
./doc/sane.ind
./doc/sane-hp4200.man
./doc/sane-canon_pp.5
./doc/sane-apple.5
./doc/sane-coolscan3.man
./doc/sane-s9036.5
./doc/sane-matsushita.5
./doc/sane-hs2p.man
./doc/sane-qcam.man
./frontend
./frontend/.libs
./frontend/.libs/saned
./frontend/.libs/scanimage
./frontend/saned.o
./frontend/test.c
./frontend/test.ppm
./frontend/scanimage.c
./frontend/Makefile
./frontend/tstbackend.c
./frontend/saned.c
./frontend/sicc.o
./frontend/stiff.o
./frontend/scanimage.o
./frontend/stiff.c
./frontend/saned
./frontend/Makefile.am
./frontend/.deps
./frontend/.deps/test.Po
./frontend/.deps/scanimage.Po
./frontend/.deps/saned.Po
./frontend/.deps/stiff.Po
./frontend/.deps/sicc.Po
./frontend/.deps/tstbackend.Po
./frontend/stiff.h
./frontend/Makefile.in
./frontend/test.pnm
./frontend/sicc.c
./frontend/scanimage
./frontend/sicc.h
./frontend/.gitignore
./config.sub
./README.netbsd
./sanei
./sanei/.libs
./sanei/.libs/sanei_scsi.o
./sanei/.libs/sanei_ab306.o
./sanei/.libs/sanei_config2.o
./sanei/.libs/sanei_wire.o
./sanei/.libs/sanei_pp.o
./sanei/.libs/sanei_pa4s2.o
./sanei/.libs/sanei_config.o
./sanei/.libs/sanei_udp.o
./sanei/.libs/sanei_auth.o
./sanei/.libs/libsanei.la
./sanei/.libs/sanei_lm983x.o
./sanei/.libs/sanei_pio.o
./sanei/.libs/sanei_pv8630.o
./sanei/.libs/sanei_magic.o
./sanei/.libs/sanei_ir.o
./sanei/.libs/sanei_usb.o
./sanei/.libs/sanei_tcp.o
./sanei/.libs/sanei_access.o
./sanei/.libs/libsanei.a
./sanei/.libs/sanei_codec_ascii.o
./sanei/.libs/sanei_constrain_value.o
./sanei/.libs/sanei_codec_bin.o
./sanei/.libs/sanei_thread.o
./sanei/.libs/sanei_net.o
./sanei/.libs/sanei_init_debug.o
./sanei/sanei_auth.lo
./sanei/sanei_pa4s2.c
./sanei/sanei_magic.c
./sanei/sanei_pp.c
./sanei/sanei_constrain_value.c
./sanei/sanei_auth.c
./sanei/sanei_tcp.c
./sanei/sanei_udp.lo
./sanei/sanei_init_debug.c
./sanei/sanei_config2.lo
./sanei/sanei_ab306.lo
./sanei/sanei_magic.lo
./sanei/sanei_config.c
./sanei/os2_srb.h
./sanei/sanei_codec_ascii.c
./sanei/Makefile
./sanei/sanei_pv8630.c
./sanei/sanei_init_debug.lo
./sanei/sanei_lm983x.lo
./sanei/sanei_scsi.c
./sanei/sanei_wire.lo
./sanei/sanei_wire.c
./sanei/sanei_ir.lo
./sanei/sanei_codec_ascii.lo
./sanei/sanei_ab306.c
./sanei/sanei_tcp.lo
./sanei/sanei_codec_bin.c
./sanei/sanei_net.lo
./sanei/sanei_config.lo
./sanei/sanei_pio.lo
./sanei/sanei_DomainOS.c
./sanei/sanei_usb.c
./sanei/sanei_udp.c
./sanei/libsanei.la
./sanei/sanei_constrain_value.lo
./sanei/linux_sg3_err.h
./sanei/sanei_lm983x.c
./sanei/sanei_pv8630.lo
./sanei/Makefile.am
./sanei/.deps
./sanei/.deps/sanei_net.Plo
./sanei/.deps/sanei_ir.Plo
./sanei/.deps/sanei_lm983x.Plo
./sanei/.deps/sanei_pp.Plo
./sanei/.deps/sanei_wire.Plo
./sanei/.deps/sanei_pio.Plo
./sanei/.deps/sanei_scsi.Plo
./sanei/.deps/sanei_codec_ascii.Plo
./sanei/.deps/sanei_init_debug.Plo
./sanei/.deps/sanei_codec_bin.Plo
./sanei/.deps/sanei_auth.Plo
./sanei/.deps/sanei_tcp.Plo
./sanei/.deps/sanei_jpeg.Plo
./sanei/.deps/sanei_config2.Plo
./sanei/.deps/sanei_udp.Plo
./sanei/.deps/sanei_pa4s2.Plo
./sanei/.deps/sanei_ab306.Plo
./sanei/.deps/sanei_magic.Plo
./sanei/.deps/sanei_constrain_value.Plo
./sanei/.deps/sanei_thread.Plo
./sanei/.deps/sanei_config.Plo
./sanei/.deps/sanei_pv8630.Plo
./sanei/.deps/sanei_usb.Plo
./sanei/.deps/sanei_access.Plo
./sanei/sanei_pp.lo
./sanei/sanei_thread.c
./sanei/sanei_scsi.lo
./sanei/sanei_access.c
./sanei/Makefile.in
./sanei/sanei_jpeg.c
./sanei/sanei_ir.c
./sanei/sanei_config2.c
./sanei/sanei_usb.lo
./sanei/sanei_pio.c
./sanei/sanei_net.c
./sanei/sanei_DomainOS.h
./sanei/sanei_codec_bin.lo
./sanei/sanei_thread.lo
./sanei/sanei_access.lo
./sanei/sanei_pa4s2.lo
./list-files.lst
./acinclude.m4
./configure.ac
./testsuite
./testsuite/Makefile
./testsuite/sanei
./testsuite/sanei/sanei_check_test.c
./testsuite/sanei/sanei_usb_test.c
./testsuite/sanei/Makefile
./testsuite/sanei/data
./testsuite/sanei/data/empty.conf
./testsuite/sanei/data/wrong-range.conf
./testsuite/sanei/data/fixed.conf
./testsuite/sanei/data/wrong-string-list.conf
./testsuite/sanei/data/string.conf
./testsuite/sanei/data/umax_pp.conf
./testsuite/sanei/data/wrong-fixed.conf
./testsuite/sanei/data/boolean.conf
./testsuite/sanei/data/int.conf
./testsuite/sanei/data/string-list.conf
./testsuite/sanei/data/word-array.conf
./testsuite/sanei/data/wrong-boolean.conf
./testsuite/sanei/data/snapscan.conf
./testsuite/sanei/Makefile.am
./testsuite/sanei/.deps
./testsuite/sanei/.deps/test_wire.Po
./testsuite/sanei/.deps/sanei_check_test.Po
./testsuite/sanei/.deps/sanei_usb_test.Po
./testsuite/sanei/.deps/sanei_config_test-sanei_config_test.Po
./testsuite/sanei/.deps/sanei_constrain_test.Po
./testsuite/sanei/test_wire.c
./testsuite/sanei/Makefile.in
./testsuite/sanei/sanei_constrain_test.c
./testsuite/sanei/sanei_config_test.c
./testsuite/sanei/README
./testsuite/Makefile.am
./testsuite/tools
./testsuite/tools/Makefile
./testsuite/tools/data
./testsuite/tools/data/udev.ref
./testsuite/tools/data/html-backends-split.ref
./testsuite/tools/data/db.ref
./testsuite/tools/data/hal.ref
./testsuite/tools/data/hwdb.ref
./testsuite/tools/data/hal-new.ref
./testsuite/tools/data/statistics.ref
./testsuite/tools/data/udev+acl.ref
./testsuite/tools/data/xml.ref
./testsuite/tools/data/udev+hwdb.ref
./testsuite/tools/data/html-mfgs.ref
./testsuite/tools/data/testfile.desc
./testsuite/tools/data/usermap.ref
./testsuite/tools/data/plist.ref
./testsuite/tools/data/ascii.ref
./testsuite/tools/Makefile.am
./testsuite/tools/Makefile.in
./testsuite/tools/README
./testsuite/Makefile.in
./testsuite/README
./testsuite/testfile.pnm
./config.rpath
./lib
./lib/.libs
./lib/.libs/liblib.la
./lib/.libs/liblib_la-md5.o
./lib/.libs/liblib.a
./lib/liblib.la
./lib/strndup.c
./lib/strdup.c
./lib/usleep.c
./lib/getenv.c
./lib/vsyslog.c
./lib/Makefile
./lib/getopt.c
./lib/inet_ntop.c
./lib/strcasestr.c
./lib/sleep.c
./lib/strsep.c
./lib/alloca.c
./lib/getopt1.c
./lib/Makefile.am
./lib/.deps
./lib/.deps/liblib_la-md5.Plo
./lib/.deps/getopt1.Plo
./lib/.deps/inet_pton.Plo
./lib/.deps/getenv.Plo
./lib/.deps/strdup.Plo
./lib/.deps/isfdtype.Plo
./lib/.deps/syslog.Plo
./lib/.deps/alloca.Plo
./lib/.deps/snprintf.Plo
./lib/.deps/sleep.Plo
./lib/.deps/strsep.Plo
./lib/.deps/vsyslog.Plo
./lib/.deps/inet_ntop.Plo
./lib/.deps/strndup.Plo
./lib/.deps/sigprocmask.Plo
./lib/.deps/getopt.Plo
./lib/.deps/strcasestr.Plo
./lib/.deps/usleep.Plo
./lib/liblib_la-md5.lo
./lib/Makefile.in
./lib/syslog.c
./lib/inet_pton.c
./lib/sigprocmask.c
./lib/isfdtype.c
./lib/md5.c
./lib/snprintf.c
./compile
./ABOUT-NLS
./README.aix
./depcomp
./Makefile.am
./tools
./tools/.libs
./tools/sane-backends.pc.in
./tools/sane-desc.c
./tools/mustek600iin-off.c
./tools/sane-backends.pc
./tools/sane-find-scanner.o
./tools/epson2usb.pl
./tools/Makefile
./tools/sane-desc
./tools/sane-desc.o
./tools/sane-find-scanner
./tools/gamma4scanimage.o
./tools/check-po.awk
./tools/udev
./tools/udev/libsane.rules
./tools/hal
./tools/hal/libsane.fdi
./tools/umax_pp.c
./tools/sane-find-scanner.c
./tools/openbsd
./tools/openbsd/detach
./tools/openbsd/attach
./tools/Makefile.am
./tools/sane-config
./tools/.deps
./tools/.deps/umax_pp.Po
./tools/.deps/gamma4scanimage.Po
./tools/.deps/sane-find-scanner.Po
./tools/.deps/sane-desc.Po
./tools/.deps/check-usb-chip.Po
./tools/RenSaneDlls.cmd
./tools/umax_pp.o
./tools/Makefile.in
./tools/style-check.sh
./tools/README
./tools/hotplug
./tools/hotplug/libusbscanner
./tools/hotplug/libsane.usermap
./tools/hotplug/README
./tools/hotplug/.gitignore
./tools/libtool-get-dll-ext
./tools/gamma4scanimage
./tools/check-usb-chip.c
./tools/gamma4scanimage.c
./tools/xerox
./tools/hotplug-ng
./tools/hotplug-ng/libsane.db
./tools/hotplug-ng/README
./tools/hotplug-ng/libsane.hotplug
./tools/hotplug-ng/.gitignore
./tools/sane-config.in
./tools/.gitignore
./tools/umax_pp
./README.unixware2
./install-sh
./config.guess
./config.log
./missing
./INSTALL.linux
./Makefile.in
./.git
./.git/info
./.git/info/exclude
./.git/packed-refs
./.git/HEAD
./.git/index
./.git/objects
./.git/objects/info
./.git/objects/pack
./.git/objects/pack/pack-4295967fd0db53f7aa1d8b7d67dc698c58f5aaab.idx
./.git/objects/pack/pack-4295967fd0db53f7aa1d8b7d67dc698c58f5aaab.pack
./.git/description
./.git/branches
./.git/logs
./.git/logs/HEAD
./.git/logs/refs
./.git/logs/refs/heads
./.git/logs/refs/heads/master
./.git/logs/refs/remotes
./.git/logs/refs/remotes/origin
./.git/logs/refs/remotes/origin/HEAD
./.git/refs
./.git/refs/heads
./.git/refs/heads/master
./.git/refs/remotes
./.git/refs/remotes/origin
./.git/refs/remotes/origin/HEAD
./.git/refs/tags
./.git/config
./.git/hooks
./.git/hooks/pre-commit.sample
./.git/hooks/pre-push.sample
./.git/hooks/applypatch-msg.sample
./.git/hooks/pre-receive.sample
./.git/hooks/pre-rebase.sample
./.git/hooks/prepare-commit-msg.sample
./.git/hooks/post-update.sample
./.git/hooks/pre-applypatch.sample
./.git/hooks/commit-msg.sample
./.git/hooks/update.sample
./README.solaris
./test.pnm
./libtool
./m4
./m4/intdiv0.m4
./m4/gettext.m4
./m4/visibility.m4
./m4/xsize.m4
./m4/ltversion.m4
./m4/lib-link.m4
./m4/wchar_t.m4
./m4/intl.m4
./m4/intmax.m4
./m4/ltoptions.m4
./m4/iconv.m4
./m4/inttypes_h.m4
./m4/intldir.m4
./m4/nls.m4
./m4/glibc21.m4
./m4/lock.m4
./m4/stdint_h.m4
./m4/wint_t.m4
./m4/stdint.m4
./m4/glibc2.m4
./m4/lcmessage.m4
./m4/byteorder.m4
./m4/fcntl-o.m4
./m4/po.m4
./m4/lib-ld.m4
./m4/libtool.m4
./m4/progtest.m4
./m4/printf-posix.m4
./m4/intlmacosx.m4
./m4/threadlib.m4
./m4/uintmax_t.m4
./m4/inttypes-pri.m4
./m4/ltsugar.m4
./m4/longlong.m4
./m4/codeset.m4
./m4/lt~obsolete.m4
./m4/lib-prefix.m4
./m4/size_max.m4
./README.os2
./README.zeta
./README
./README.freebsd
./LICENSE
./.editorconfig
./sane-backends.lsm
./README.unixware7
./feh_007063_000002_filelist
./README.hp-ux
./README.windows
./README.openbsd
./include
./include/sane
./include/sane/sanei_debug.h
./include/sane/sanei_lm983x.h
./include/sane/sanei_jinclude.h
./include/sane/sanei_ab306.h
./include/sane/sanei_tcp.h
./include/sane/sanei_pa4s2.h
./include/sane/config.h.in
./include/sane/sanei_auth.h
./include/sane/saneopts.h
./include/sane/sanei_udp.h
./include/sane/stamp-h1
./include/sane/sanei_ir.h
./include/sane/sanei_access.h
./include/sane/sanei_usb.h
./include/sane/sanei_wire.h
./include/sane/sanei_codec_ascii.h
./include/sane/sanei_cderror.h
./include/sane/sanei_thread.h
./include/sane/sanei_config.h
./include/sane/sanei_pv8630.h
./include/sane/sanei_scsi.h
./include/sane/sanei_net.h
./include/sane/sane.h
./include/sane/sanei_pp.h
./include/sane/sanei_pio.h
./include/sane/config.h
./include/sane/sanei_backend.h
./include/sane/sanei_magic.h
./include/sane/sanei_codec_bin.h
./include/sane/.gitignore
./include/sane/sanei.h
./include/sane/sanei_jpeg.h
./include/Makefile
./include/md5.h
./include/lalloca.h
./include/byteorder.h
./include/_stdint.h
./include/Makefile.am
./include/lgetopt.h
./include/lassert.h
./include/Makefile.in
./include/font_6x11.h
./include/.gitignore
./NEWS
./configure
./ChangeLog
./ltmain.sh
./PROJECTS
./.gitignore
./INSTALL
./japi
./japi/SaneRange.java
./japi/README.JAVA
./japi/SaneOption.java
./japi/Makefile
./japi/SaneDevice.java
./japi/ImageCanvas.java
./japi/Sane.c
./japi/Makefile.am
./japi/.deps
./japi/.deps/Sane.Plo
./japi/Test.java
./japi/Makefile.in
./japi/Sane.java
./japi/SaneParameters.java
./japi/ScanIt.java
./japi/ImageCanvasClient.java
./japi/Jscanimage.java
./backend
./backend/as6e.h
./backend/libumax.la
./backend/.libs
./backend/.libs/libumax.la
./backend/.libs/libsane-hp3900.so.1
./backend/.libs/libsane-as6e.so
./backend/.libs/libsane-pie.lai
./backend/.libs/libcardscan_la-cardscan.o
./backend/.libs/libsane-tamarack.lai
./backend/.libs/libsane_hp5400_la-hp5400-s.o
./backend/.libs/libsceptre.a
./backend/.libs/libepson2_la-epson2-commands.o
./backend/.libs/libsane_hp4200_la-hp4200-s.o
./backend/.libs/libp5.la
./backend/.libs/libsane-sp15c.la
./backend/.libs/libpixma_la-pixma_mp730.o
./backend/.libs/libstv680.a
./backend/.libs/libst400.a
./backend/.libs/libsane-u12.la
./backend/.libs/libsane-nec.so.1
./backend/.libs/libsane_plustek_pp_la-plustek_pp-s.o
./backend/.libs/libsane-bh.so.1.0.27
./backend/.libs/libsane-plustek.so
./backend/.libs/libsane_qcam_la-qcam-s.o
./backend/.libs/libsane-kvs40xx.la
./backend/.libs/libsane-canon_dr.so
./backend/.libs/libpixma_la-pixma_imageclass.o
./backend/.libs/libsane-hpljm1005.so.1
./backend/.libs/libsane-kodakaio.so.1.0.27
./backend/.libs/libhs2p.a
./backend/.libs/libteco3.la
./backend/.libs/libsane-teco2.lai
./backend/.libs/libsane-ma1509.la
./backend/.libs/libsane-hp.so.1
./backend/.libs/libsane_sm3840_la-sm3840-s.o
./backend/.libs/libsane-mustek.so
./backend/.libs/libkvs1025.la
./backend/.libs/libsane_bh_la-bh-s.o
./backend/.libs/libfujitsu_la-fujitsu.o
./backend/.libs/libsane-kvs1025.lai
./backend/.libs/libsane-hp4200.so.1.0.27
./backend/.libs/libsane-kvs20xx.lai
./backend/.libs/libsane-epjitsu.la
./backend/.libs/libcoolscan2.la
./backend/.libs/libsane-kvs1025.so
./backend/.libs/libsane-hp3500.lai
./backend/.libs/libhp5590.a
./backend/.libs/libsane_leo_la-leo-s.o
./backend/.libs/libsane-sceptre.so.1
./backend/.libs/libepson_la-epson_usb.o
./backend/.libs/libniash.la
./backend/.libs/libsane-sp15c.lai
./backend/.libs/libsane-umax_pp.so.1
./backend/.libs/libsane-u12.lai
./backend/.libs/libp5_la-p5.o
./backend/.libs/libsane-ibm.so.1
./backend/.libs/libsane-artec_eplus48u.so.1
./backend/.libs/libsane-gt68xx.so
./backend/.libs/libsane-teco3.so.1
./backend/.libs/libgenesys_la-genesys_gl646.o
./backend/.libs/libsane-pixma.lai
./backend/.libs/libsane_test_la-test-s.o
./backend/.libs/libsm3600.la
./backend/.libs/libsane-pixma.la
./backend/.libs/libsane-magicolor.lai
./backend/.libs/libas6e.la
./backend/.libs/libcanon_dr.a
./backend/.libs/libgt68xx.a
./backend/.libs/libsane_magicolor_la-magicolor-s.o
./backend/.libs/libma1509.la
./backend/.libs/libkodakaio_la-kodakaio.o
./backend/.libs/libsane-hp3500.la
./backend/.libs/libsane-sceptre.so.1.0.27
./backend/.libs/libapple.a
./backend/.libs/libsane-sm3840.la
./backend/.libs/libsane_sceptre_la-sceptre-s.o
./backend/.libs/libpixma_la-pixma_mp150.o
./backend/.libs/libsane-cardscan.lai
./backend/.libs/liblexmark_la-lexmark_low.o
./backend/.libs/libgenesys_la-genesys_gl846.o
./backend/.libs/libartec.la
./backend/.libs/libsane_hp5590_la-hp5590-s.o
./backend/.libs/libsane-canon630u.la
./backend/.libs/libsane-microtek2.la
./backend/.libs/libcoolscan2_la-coolscan2.o
./backend/.libs/libsane-kodakaio.so
./backend/.libs/libsane-fujitsu.la
./backend/.libs/libsane-canon.so
./backend/.libs/libtamarack_la-tamarack.o
./backend/.libs/libsp15c_la-sp15c.o
./backend/.libs/libsane-hp3500.so.1
./backend/.libs/libsane_avision_la-avision-s.o
./backend/.libs/libsane-abaton.lai
./backend/.libs/libsane-epson2.so.1.0.27
./backend/.libs/libsane-artec.so
./backend/.libs/libsane-stv680.so
./backend/.libs/libs9036_la-s9036.o
./backend/.libs/libsane-hp5590.so.1
./backend/.libs/libsane-coolscan3.so
./backend/.libs/libsane-stv680.lai
./backend/.libs/libsane-artec_eplus48u.so.1.0.27
./backend/.libs/libsane-microtek2.so
./backend/.libs/libsane-dc25.so.1
./backend/.libs/libsane-umax_pp.so
./backend/.libs/libsane-rts8891.so
./backend/.libs/libsane_coolscan2_la-coolscan2-s.o
./backend/.libs/libsane-mustek.la
./backend/.libs/libsane-nec.so.1.0.27
./backend/.libs/libsane_pie_la-pie-s.o
./backend/.libs/libstv680.la
./backend/.libs/libs9036.la
./backend/.libs/libsane-coolscan.lai
./backend/.libs/libsane-niash.so
./backend/.libs/libhs2p_la-hs2p.o
./backend/.libs/libsane_abaton_la-abaton-s.o
./backend/.libs/libhp5590.la
./backend/.libs/libsane-sm3600.so
./backend/.libs/libsane-s9036.so.1.0.27
./backend/.libs/libteco1_la-teco1.o
./backend/.libs/libhp5400.a
./backend/.libs/libsane-artec.lai
./backend/.libs/libcoolscan3_la-coolscan3.o
./backend/.libs/libcanon.la
./backend/.libs/libkvs1025.a
./backend/.libs/librts8891_la-rts88xx_lib.o
./backend/.libs/libsane-umax.la
./backend/.libs/libsane-niash.so.1
./backend/.libs/libkvs20xx_la-kvs20xx_cmd.o
./backend/.libs/libepson2_la-epson2_net.o
./backend/.libs/libpixma_la-pixma_io_sanei.o
./backend/.libs/libsane-magicolor.so
./backend/.libs/libsane_sm3600_la-sm3600-s.o
./backend/.libs/libsane.so.1
./backend/.libs/libdc25.a
./backend/.libs/libsane-kvs40xx.lai
./backend/.libs/libsane-hp5590.lai
./backend/.libs/libagfafocus.a
./backend/.libs/libsane_plustek_la-plustek-s.o
./backend/.libs/libhp5590_la-hp5590.o
./backend/.libs/libsane_net_la-net-s.o
./backend/.libs/libsane_ricoh_la-ricoh-s.o
./backend/.libs/libsane-microtek.la
./backend/.libs/libsane-xerox_mfp.lai
./backend/.libs/libsane-epson.lai
./backend/.libs/libsane-test.so.1
./backend/.libs/libkvs40xx_la-kvs40xx.o
./backend/.libs/libcanon_dr.la
./backend/.libs/libsane-mustek.so.1.0.27
./backend/.libs/libsane-pieusb.so.1
./backend/.libs/libapple_la-apple.o
./backend/.libs/libsane-hp3500.so.1.0.27
./backend/.libs/libsane-ma1509.lai
./backend/.libs/libsane-hp5400.so
./backend/.libs/libsane-canon.so.1.0.27
./backend/.libs/libsane_tamarack_la-tamarack-s.o
./backend/.libs/libsane-avision.so
./backend/.libs/libsane-kodak.so
./backend/.libs/libdmc_la-dmc.o
./backend/.libs/libkvs40xx_la-kvs40xx_opt.o
./backend/.libs/libsane_niash_la-niash-s.o
./backend/.libs/libsane-hp3900.la
./backend/.libs/libsane-dll.so
./backend/.libs/libsane-gt68xx.la
./backend/.libs/libpixma.la
./backend/.libs/libsane-snapscan.so
./backend/.libs/libsane_p5_la-p5-s.o
./backend/.libs/libsharp.a
./backend/.libs/libsane-coolscan3.so.1
./backend/.libs/libsane-hp5400.lai
./backend/.libs/libmatsushita_la-matsushita.o
./backend/.libs/libsm3600.a
./backend/.libs/libpieusb_la-pieusb_scancmd.o
./backend/.libs/libsane_teco3_la-teco3-s.o
./backend/.libs/libsane-u12.so.1.0.27
./backend/.libs/libsane-plustek_pp.so.1.0.27
./backend/.libs/libepson2.a
./backend/.libs/libsane-plustek_pp.so.1
./backend/.libs/libsane-sceptre.la
./backend/.libs/libsane-hs2p.so.1
./backend/.libs/libkvs20xx_la-kvs20xx_opt.o
./backend/.libs/libsane-coolscan2.lai
./backend/.libs/libsane-canon_dr.so.1
./backend/.libs/libsane-umax.so
./backend/.libs/libsane-coolscan.so
./backend/.libs/libsane-mustek_usb2.lai
./backend/.libs/libsane-pieusb.la
./backend/.libs/libsane-qcam.so
./backend/.libs/libsane-as6e.la
./backend/.libs/libhp3500_la-hp3500.o
./backend/.libs/libteco2.a
./backend/.libs/libgenesys_la-genesys_gl841.o
./backend/.libs/libsane-pie.la
./backend/.libs/libniash.a
./backend/.libs/libsane-coolscan3.la
./backend/.libs/libcoolscan3.la
./backend/.libs/libsane-umax_pp.la
./backend/.libs/libsane-coolscan3.so.1.0.27
./backend/.libs/libteco3_la-teco3.o
./backend/.libs/libsane-mustek_usb.so
./backend/.libs/libkvs1025_la-kvs1025.o
./backend/.libs/libsane-kvs40xx.so.1
./backend/.libs/libepson2_la-epson2_scsi.o
./backend/.libs/libhp3900_la-hp3900.o
./backend/.libs/libp5.a
./backend/.libs/libsane-p5.so.1.0.27
./backend/.libs/libkodakaio.la
./backend/.libs/libsane-epson.so
./backend/.libs/libsane-abaton.so
./backend/.libs/libxerox_mfp_la-xerox_mfp.o
./backend/.libs/libsane-st400.lai
./backend/.libs/libsane_cardscan_la-cardscan-s.o
./backend/.libs/libepjitsu.la
./backend/.libs/libepson2_la-epson2-ops.o
./backend/.libs/libsane-kvs40xx.so.1.0.27
./backend/.libs/libdll_preload_la-dll.o
./backend/.libs/libpieusb.a
./backend/.libs/libsane-hpljm1005.lai
./backend/.libs/libhp3500.a
./backend/.libs/libsane-ma1509.so.1.0.27
./backend/.libs/libsane-dll.lai
./backend/.libs/libsane-qcam.la
./backend/.libs/libsane-coolscan.so.1.0.27
./backend/.libs/libsane-as6e.so.1
./backend/.libs/libcoolscan3.a
./backend/.libs/libsane-canon630u.so.1
./backend/.libs/libpie.la
./backend/.libs/libsane-coolscan2.la
./backend/.libs/libsane_hp_la-hp-s.o
./backend/.libs/libsane-agfafocus.so.1.0.27
./backend/.libs/libabaton.a
./backend/.libs/libsane_umax_la-umax-s.o
./backend/.libs/libsane-xerox_mfp.so.1
./backend/.libs/libsane-genesys.lai
./backend/.libs/libsane-genesys.so.1.0.27
./backend/.libs/libsane-sharp.lai
./backend/.libs/libsane-lexmark.so
./backend/.libs/libsane-coolscan.la
./backend/.libs/libumax_pp_la-umax_pp.o
./backend/.libs/libsane-tamarack.so.1
./backend/.libs/libdll_la-dll.o
./backend/.libs/libplustek.la
./backend/.libs/libhp5400.la
./backend/.libs/libsane-cardscan.so.1.0.27
./backend/.libs/libsane_sharp_la-sharp-s.o
./backend/.libs/libibm.a
./backend/.libs/libsane-avision.so.1
./backend/.libs/libsane-leo.lai
./backend/.libs/libsane-lexmark.la
./backend/.libs/libhs2p.la
./backend/.libs/libsane_kvs20xx_la-kvs20xx-s.o
./backend/.libs/libcanon630u_la-canon630u.o
./backend/.libs/libsane-canon.la
./backend/.libs/libsane-kvs1025.so.1
./backend/.libs/libsane-sharp.so.1
./backend/.libs/libsane_matsushita_la-matsushita-s.o
./backend/.libs/libsane-net.so
./backend/.libs/libas6e.a
./backend/.libs/libsm3600_la-sm3600.o
./backend/.libs/libabaton_la-abaton.o
./backend/.libs/libsane_hpljm1005_la-hpljm1005-s.o
./backend/.libs/libnec_la-nec.o
./backend/.libs/libsane_canon_la-canon-s.o
./backend/.libs/libsane-sp15c.so.1
./backend/.libs/libsane-coolscan2.so.1.0.27
./backend/.libs/libleo_la-leo.o
./backend/.libs/libhp4200.la
./backend/.libs/libsane_xerox_mfp_la-xerox_mfp-s.o
./backend/.libs/libsane-epjitsu.so.1
./backend/.libs/libsane-umax1220u.so
./backend/.libs/libsane_kodak_la-kodak-s.o
./backend/.libs/libumax1220u.a
./backend/.libs/libumax_pp_la-umax_pp_low.o
./backend/.libs/libsane-kodakaio.so.1
./backend/.libs/libsane-dll.so.1
./backend/.libs/libsane-ricoh.so
./backend/.libs/libsane_teco1_la-teco1-s.o
./backend/.libs/libsane-dmc.so.1
./backend/.libs/libsane-dmc.so
./backend/.libs/libsane-dmc.lai
./backend/.libs/libsnapscan_la-snapscan.o
./backend/.libs/libmustek_usb.a
./backend/.libs/libsane-magicolor.so.1.0.27
./backend/.libs/libsane-hp4200.so
./backend/.libs/libagfafocus.la
./backend/.libs/libnet.a
./backend/.libs/libsane-bh.lai
./backend/.libs/libsane-pixma.so.1.0.27
./backend/.libs/libricoh_la-ricoh.o
./backend/.libs/libsane_mustek_la-mustek-s.o
./backend/.libs/libsane-umax.lai
./backend/.libs/libpieusb_la-pieusb_specific.o
./backend/.libs/libsane.so.1.0.27
./backend/.libs/libsane-epson2.so
./backend/.libs/libsane-sm3840.so.1.0.27
./backend/.libs/libsane-s9036.so.1
./backend/.libs/libsane-fujitsu.lai
./backend/.libs/libplustek_pp_la-plustek_pp.o
./backend/.libs/libsane_rts8891_la-rts8891-s.o
./backend/.libs/libsane_snapscan_la-snapscan-s.o
./backend/.libs/libbh_la-bh.o
./backend/.libs/libsane-ma1509.so.1
./backend/.libs/libsane-mustek_usb.so.1.0.27
./backend/.libs/libsane.la
./backend/.libs/libsane-plustek.so.1.0.27
./backend/.libs/libplustek_pp.la
./backend/.libs/libricoh.a
./backend/.libs/libsane_coolscan_la-coolscan-s.o
./backend/.libs/libsane-abaton.la
./backend/.libs/libmicrotek2_la-microtek2.o
./backend/.libs/libsane-umax.so.1.0.27
./backend/.libs/libhp_la-hp-device.o
./backend/.libs/libfujitsu.la
./backend/.libs/libmatsushita.a
./backend/.libs/libsane-p5.so
./backend/.libs/libsane_la-dll-s.o
./backend/.libs/libsane-plustek_pp.lai
./backend/.libs/libhp4200.a
./backend/.libs/libmicrotek_la-microtek.o
./backend/.libs/libsane-plustek.so.1
./backend/.libs/libsane-s9036.la
./backend/.libs/libmustek_usb2.la
./backend/.libs/libdll_preload.la
./backend/.libs/libepson2_la-epson2-io.o
./backend/.libs/libsane_s9036_la-s9036-s.o
./backend/.libs/libxerox_mfp.la
./backend/.libs/libsane-canon_dr.la
./backend/.libs/libsane_pixma_la-pixma-s.o
./backend/.libs/libsane_stv680_la-stv680-s.o
./backend/.libs/libkodak.a
./backend/.libs/libsane-matsushita.so.1
./backend/.libs/libsp15c.la
./backend/.libs/libsane-st400.so
./backend/.libs/libsane-dc25.lai
./backend/.libs/libsane-s9036.so
./backend/.libs/libsane-fujitsu.so
./backend/.libs/libsane-magicolor.so.1
./backend/.libs/libsane-sceptre.so
./backend/.libs/libsane_mustek_usb2_la-mustek_usb2-s.o
./backend/.libs/libsane-avision.lai
./backend/.libs/libsane-umax1220u.la
./backend/.libs/libsane_dll_la-dll-s.o
./backend/.libs/libpixma.a
./backend/.libs/libsane-s9036.lai
./backend/.libs/libpixma_la-pixma.o
./backend/.libs/libsane-magicolor.la
./backend/.libs/libhp_la-hp-hpmem.o
./backend/.libs/libmustek_usb2.a
./backend/.libs/libxerox_mfp.a
./backend/.libs/libnet_la-net.o
./backend/.libs/libartec.a
./backend/.libs/libsane-apple.la
./backend/.libs/libsane-dll.so.1.0.27
./backend/.libs/libsane-hp.so.1.0.27
./backend/.libs/libmatsushita.la
./backend/.libs/libsane_kvs1025_la-kvs1025-s.o
./backend/.libs/libcardscan.a
./backend/.libs/libsane-kodak.so.1.0.27
./backend/.libs/libsane_hs2p_la-hs2p-s.o
./backend/.libs/libsane-epjitsu.lai
./backend/.libs/libsane-net.so.1.0.27
./backend/.libs/libsane-matsushita.la
./backend/.libs/libsane-hp5400.so.1.0.27
./backend/.libs/libnec.a
./backend/.libs/libsane-umax_pp.lai
./backend/.libs/libsane-xerox_mfp.so.1.0.27
./backend/.libs/libsane-rts8891.lai
./backend/.libs/libapple.la
./backend/.libs/libxerox_mfp_la-xerox_mfp-usb.o
./backend/.libs/libcoolscan.a
./backend/.libs/libsane-ricoh.so.1.0.27
./backend/.libs/librts8891.la
./backend/.libs/libsane_epson_la-epson-s.o
./backend/.libs/libsane-coolscan2.so.1
./backend/.libs/libsane-kodakaio.la
./backend/.libs/libmustek_usb_la-mustek_usb.o
./backend/.libs/libsane_teco2_la-teco2-s.o
./backend/.libs/libsane_dmc_la-dmc-s.o
./backend/.libs/libsane-gt68xx.lai
./backend/.libs/libsane-lexmark.so.1
./backend/.libs/libteco1.a
./backend/.libs/libsane-canon_dr.lai
./backend/.libs/libhpljm1005.a
./backend/.libs/libsane-epson.so.1.0.27
./backend/.libs/libsane_st400_la-st400-s.o
./backend/.libs/libsane-niash.so.1.0.27
./backend/.libs/libsane-canon630u.lai
./backend/.libs/libsane_ibm_la-ibm-s.o
./backend/.libs/libgenesys_la-genesys_gl847.o
./backend/.libs/libplustek.a
./backend/.libs/libsane-hp5590.so.1.0.27
./backend/.libs/libsane-ricoh.la
./backend/.libs/libsane-coolscan2.so
./backend/.libs/libtamarack.la
./backend/.libs/libsane-lexmark.lai
./backend/.libs/libtest_la-test.o
./backend/.libs/libsane-matsushita.lai
./backend/.libs/libpie_la-pie.o
./backend/.libs/libsane-pieusb.so
./backend/.libs/libpieusb_la-pieusb.o
./backend/.libs/libkvs1025_la-kvs1025_opt.o
./backend/.libs/libkvs1025_la-kvs1025_usb.o
./backend/.libs/libsane-snapscan.la
./backend/.libs/libsane-avision.so.1.0.27
./backend/.libs/libsane-hpljm1005.la
./backend/.libs/libsm3840.a
./backend/.libs/libsane-rts8891.la
./backend/.libs/libsane-cardscan.la
./backend/.libs/libsane-tamarack.so.1.0.27
./backend/.libs/libsane-epson.so.1
./backend/.libs/libsceptre.la
./backend/.libs/libavision.a
./backend/.libs/libsane-microtek.so.1.0.27
./backend/.libs/libnec.la
./backend/.libs/libsane-mustek_usb2.so.1
./backend/.libs/libsane-coolscan.so.1
./backend/.libs/libdc25_la-dc25.o
./backend/.libs/libsane-kvs1025.so.1.0.27
./backend/.libs/libsane-sm3600.la
./backend/.libs/libkodak.la
./backend/.libs/libsane-sm3840.so
./backend/.libs/libsane-sm3600.lai
./backend/.libs/libsane-bh.so.1
./backend/.libs/libsharp.la
./backend/.libs/libsane_canon_dr_la-canon_dr-s.o
./backend/.libs/libsane-umax1220u.so.1
./backend/.libs/libsane.so
./backend/.libs/libhp3500.la
./backend/.libs/libmustek_usb.la
./backend/.libs/libsane-ibm.so.1.0.27
./backend/.libs/libsane-kodak.so.1
./backend/.libs/libepson_la-epson_scsi.o
./backend/.libs/libsane-apple.so
./backend/.libs/libsane-kodak.lai
./backend/.libs/libsane-microtek2.lai
./backend/.libs/libsnapscan.a
./backend/.libs/libniash_la-niash.o
./backend/.libs/libsane-microtek.so
./backend/.libs/libsane-xerox_mfp.la
./backend/.libs/libsane-mustek_usb.lai
./backend/.libs/libsane-genesys.so.1
./backend/.libs/libcoolscan.la
./backend/.libs/libsane-mustek_usb.so.1
./backend/.libs/libsp15c.a
./backend/.libs/libcanon_la-canon.o
./backend/.libs/libsane-plustek.la
./backend/.libs/libsane-umax.so.1
./backend/.libs/libsane-canon_dr.so.1.0.27
./backend/.libs/libhp3900.a
./backend/.libs/libtest.la
./backend/.libs/libtest.a
./backend/.libs/libsane-matsushita.so.1.0.27
./backend/.libs/libgenesys_la-genesys.o
./backend/.libs/libsane-microtek.so.1
./backend/.libs/libsane-ricoh.lai
./backend/.libs/libsane-hp.so
./backend/.libs/libsane-sm3840.so.1
./backend/.libs/libsane-mustek.so.1
./backend/.libs/libcanon.a
./backend/.libs/libsane-stv680.la
./backend/.libs/libumax.a
./backend/.libs/libsane-umax_pp.so.1.0.27
./backend/.libs/libsane-rts8891.so.1
./backend/.libs/libteco2.la
./backend/.libs/libsane-net.lai
./backend/.libs/libsane-rts8891.so.1.0.27
./backend/.libs/libagfafocus_la-agfafocus.o
./backend/.libs/libsane-agfafocus.lai
./backend/.libs/libsane-net.so.1
./backend/.libs/libartec_eplus48u.a
./backend/.libs/libsane-kvs20xx.so.1.0.27
./backend/.libs/libsane-artec.so.1
./backend/.libs/libteco1.la
./backend/.libs/libsane-stv680.so.1.0.27
./backend/.libs/libsane_ma1509_la-ma1509-s.o
./backend/.libs/libumax_la-umax.o
./backend/.libs/libkvs20xx.la
./backend/.libs/libhp_la-hp-option.o
./backend/.libs/libsane-artec_eplus48u.so
./backend/.libs/libsane_gt68xx_la-gt68xx-s.o
./backend/.libs/libsane_artec_eplus48u_la-artec_eplus48u-s.o
./backend/.libs/libricoh.la
./backend/.libs/libsane_nec_la-nec-s.o
./backend/.libs/libteco3.a
./backend/.libs/libma1509.a
./backend/.libs/libsane-artec.so.1.0.27
./backend/.libs/libsane-sharp.so
./backend/.libs/libsane-canon.lai
./backend/.libs/libsane-bh.la
./backend/.libs/libsane-leo.so.1.0.27
./backend/.libs/libsane-pixma.so
./backend/.libs/libepson2_la-epson2-cct.o
./backend/.libs/libgt68xx.la
./backend/.libs/libsane-teco1.so
./backend/.libs/libsane-microtek2.so.1.0.27
./backend/.libs/liblexmark.la
./backend/.libs/libsane-microtek.lai
./backend/.libs/libsane-snapscan.so.1.0.27
./backend/.libs/libleo.a
./backend/.libs/libsane-nec.so
./backend/.libs/libsane_genesys_la-genesys-s.o
./backend/.libs/libteco2_la-teco2.o
./backend/.libs/libepson2_la-epson2.o
./backend/.libs/libsane-umax1220u.lai
./backend/.libs/libsane-matsushita.so
./backend/.libs/libsane-test.la
./backend/.libs/libsane_coolscan3_la-coolscan3-s.o
./backend/.libs/libartec_la-artec.o
./backend/.libs/libsane-hp3500.so
./backend/.libs/libsane-hp4200.la
./backend/.libs/libsane-pieusb.lai
./backend/.libs/libsane-st400.so.1
./backend/.libs/libsane-sm3840.lai
./backend/.libs/umax_pp_low.o
./backend/.libs/libsane-leo.la
./backend/.libs/libepson2.la
./backend/.libs/libbh.la
./backend/.libs/libtamarack.a
./backend/.libs/libdc25.la
./backend/.libs/libsane-pie.so.1
./backend/.libs/libavision_la-avision.o
./backend/.libs/libqcam.la
./backend/.libs/libsane_kodakaio_la-kodakaio-s.o
./backend/.libs/libmustek_usb2_la-mustek_usb2.o
./backend/.libs/libsane-apple.so.1
./backend/.libs/libsane_canon630u_la-canon630u-s.o
./backend/.libs/libsm3840.la
./backend/.libs/libepson2_la-epson2_usb.o
./backend/.libs/libu12.a
./backend/.libs/libpieusb_la-pieusb_usb.o
./backend/.libs/libsane-dmc.so.1.0.27
./backend/.libs/libsane-stv680.so.1
./backend/.libs/libsane-kvs40xx.so
./backend/.libs/libsane-sp15c.so
./backend/.libs/libepson.la
./backend/.libs/libsane-epson2.so.1
./backend/.libs/libu12.la
./backend/.libs/libsane-test.so.1.0.27
./backend/.libs/libsane-dc25.la
./backend/.libs/libsane-niash.la
./backend/.libs/libsane-tamarack.la
./backend/.libs/libepson_la-epson.o
./backend/.libs/libsane-teco3.so
./backend/.libs/libsane-nec.lai
./backend/.libs/sane_strstatus.o
./backend/.libs/libsane-hp4200.lai
./backend/.libs/libsane-test.so
./backend/.libs/liblexmark_la-lexmark.o
./backend/.libs/libsane-qcam.lai
./backend/.libs/libsane-cardscan.so.1
./backend/.libs/libhpljm1005.la
./backend/.libs/libsane-avision.la
./backend/.libs/libsane-umax1220u.so.1.0.27
./backend/.libs/libsane-agfafocus.so
./backend/.libs/libsane_umax1220u_la-umax1220u-s.o
./backend/.libs/libsane-fujitsu.so.1
./backend/.libs/libumax_pp_la-umax_pp_mid.o
./backend/.libs/libsharp_la-sharp.o
./backend/.libs/libhp_la-hp-handle.o
./backend/.libs/libcanon630u.la
./backend/.libs/librts8891.a
./backend/.libs/libsane-snapscan.so.1
./backend/.libs/libsane-hp3900.so.1.0.27
./backend/.libs/libsane-canon630u.so.1.0.27
./backend/.libs/libsane-genesys.la
./backend/.libs/libhp_la-hp-scl.o
./backend/.libs/libsane-mustek_usb2.la
./backend/.libs/libartec_eplus48u.la
./backend/.libs/libmagicolor_la-magicolor.o
./backend/.libs/libsm3840_la-sm3840.o
./backend/.libs/libsane-hp5400.la
./backend/.libs/libkodakaio.a
./backend/.libs/libsane-teco1.so.1
./backend/.libs/libsane-hp4200.so.1
./backend/.libs/libhp_la-hp.o
./backend/.libs/libsane-plustek_pp.la
./backend/.libs/libsane-leo.so.1
./backend/.libs/libdmc.a
./backend/.libs/libgenesys_la-genesys_low.o
./backend/.libs/libsane-sm3600.so.1.0.27
./backend/.libs/libpixma_la-pixma_bjnp.o
./backend/.libs/libsane-microtek2.so.1
./backend/.libs/libsane-ibm.la
./backend/.libs/libsane-artec_eplus48u.lai
./backend/.libs/libsane-leo.so
./backend/.libs/libumax1220u.la
./backend/.libs/libsane-dc25.so
./backend/.libs/libmustek.la
./backend/.libs/libhp5400_la-hp5400.o
./backend/.libs/libmagicolor.a
./backend/.libs/libsane-agfafocus.la
./backend/.libs/libsane-cardscan.so
./backend/.libs/libmustek_la-mustek.o
./backend/.libs/libhpljm1005_la-hpljm1005.o
./backend/.libs/libgenesys_la-genesys_gl124.o
./backend/.libs/libsane-apple.so.1.0.27
./backend/.libs/libsane.lai
./backend/.libs/libsane-apple.lai
./backend/.libs/libhp4200_la-hp4200.o
./backend/.libs/libcoolscan2.a
./backend/.libs/librts8891_la-rts8891.o
./backend/.libs/libsane-kodak.la
./backend/.libs/libdll_preload.a
./backend/.libs/libsane-mustek_usb2.so
./backend/.libs/libsane-dmc.la
./backend/.libs/libst400_la-st400.o
./backend/.libs/libsane-mustek_usb.la
./backend/.libs/libhp.la
./backend/.libs/libsane_apple_la-apple-s.o
./backend/.libs/libas6e_la-as6e.o
./backend/.libs/libdll.la
./backend/.libs/libmustek.a
./backend/.libs/libsane-dc25.so.1.0.27
./backend/.libs/libsane-u12.so.1
./backend/.libs/libsane-teco3.la
./backend/.libs/libsane-bh.so
./backend/.libs/libkvs20xx_la-kvs20xx.o
./backend/.libs/libsane_hp3500_la-hp3500-s.o
./backend/.libs/libma1509_la-ma1509.o
./backend/.libs/libsane-st400.la
./backend/.libs/libsane_pieusb_la-pieusb-s.o
./backend/.libs/libsane-teco1.so.1.0.27
./backend/.libs/libpixma_la-pixma_mp750.o
./backend/.libs/libsane-kodakaio.lai
./backend/.libs/libsane-teco1.la
./backend/.libs/libsane_sp15c_la-sp15c-s.o
./backend/.libs/libsane_fujitsu_la-fujitsu-s.o
./backend/.libs/libsane-teco2.la
./backend/.libs/libsane-genesys.so
./backend/.libs/libsane-coolscan3.lai
./backend/.libs/libsane-gt68xx.so.1
./backend/.libs/liblexmark.a
./backend/.libs/libsane-epjitsu.so
./backend/.libs/libsane-st400.so.1.0.27
./backend/.libs/libdll.a
./backend/.libs/libsane-abaton.so.1
./backend/.libs/libsane_artec_la-artec-s.o
./backend/.libs/libsane-canon.so.1
./backend/.libs/libsane-plustek_pp.so
./backend/.libs/libsane-hpljm1005.so
./backend/.libs/libxerox_mfp_la-xerox_mfp-tcp.o
./backend/.libs/libsceptre_la-sceptre.o
./backend/.libs/libkodak_la-kodak.o
./backend/.libs/libsane-teco2.so.1
./backend/.libs/libibm.la
./backend/.libs/libgenesys.a
./backend/.libs/libsane-as6e.so.1.0.27
./backend/.libs/libu12_la-u12.o
./backend/.libs/libcoolscan_la-coolscan.o
./backend/.libs/libsane-hs2p.so
./backend/.libs/libsane-p5.la
./backend/.libs/libsane-ibm.so
./backend/.libs/libfujitsu.a
./backend/.libs/libkvs20xx.a
./backend/.libs/libmicrotek2.la
./backend/.libs/libsane-tamarack.so
./backend/.libs/libepjitsu_la-epjitsu.o
./backend/.libs/libavision.la
./backend/.libs/libqcam.a
./backend/.libs/libsane_mustek_usb_la-mustek_usb-s.o
./backend/.libs/libkvs40xx.la
./backend/.libs/libsane-hp5400.so.1
./backend/.libs/libleo.la
./backend/.libs/libsane-lexmark.so.1.0.27
./backend/.libs/libsane-epson2.lai
./backend/.libs/libsane-hp.la
./backend/.libs/libqcam_la-qcam.o
./backend/.libs/libcanon630u.a
./backend/.libs/libsane_umax_pp_la-umax_pp-s.o
./backend/.libs/libst400.la
./backend/.libs/libsane-ibm.lai
./backend/.libs/libsane-gt68xx.so.1.0.27
./backend/.libs/libsane-plustek.lai
./backend/.libs/libplustek_la-plustek.o
./backend/.libs/libsane-sceptre.lai
./backend/.libs/libsnapscan.la
./backend/.libs/libsane_microtek_la-microtek-s.o
./backend/.libs/libhp_la-hp-accessor.o
./backend/.libs/libpie.a
./backend/.libs/libs9036.a
./backend/.libs/libsane-hs2p.la
./backend/.libs/libsane-epson2.la
./backend/.libs/libmagicolor.la
./backend/.libs/libumax1220u_la-umax1220u.o
./backend/.libs/libsane-mustek_usb2.so.1.0.27
./backend/.libs/libsane-xerox_mfp.so
./backend/.libs/libsane-kvs1025.la
./backend/.libs/libepson.a
./backend/.libs/libsane-artec_eplus48u.la
./backend/.libs/libsane-ricoh.so.1
./backend/.libs/libsane-mustek.lai
./backend/.libs/libsane-epson.la
./backend/.libs/libsane_dc25_la-dc25-s.o
./backend/.libs/libsane-hp5590.so
./backend/.libs/libsane_agfafocus_la-agfafocus-s.o
./backend/.libs/libsane-kvs20xx.so
./backend/.libs/libmicrotek2.a
./backend/.libs/libibm_la-ibm.o
./backend/.libs/libsane-hp5590.la
./backend/.libs/libabaton.la
./backend/.libs/libcanon_dr_la-canon_dr.o
./backend/.libs/libmicrotek.la
./backend/.libs/libsane-teco2.so
./backend/.libs/libsane-sp15c.so.1.0.27
./backend/.libs/libsane_hp3900_la-hp3900-s.o
./backend/.libs/libsane_epson2_la-epson2-s.o
./backend/.libs/libsane-pie.so.1.0.27
./backend/.libs/libsane-hp.lai
./backend/.libs/libsane-p5.so.1
./backend/.libs/libartec_eplus48u_la-artec_eplus48u.o
./backend/.libs/libsane-epjitsu.so.1.0.27
./backend/.libs/libsane-hp3900.so
./backend/.libs/libsane-sm3600.so.1
./backend/.libs/libnet.la
./backend/.libs/libpieusb.la
./backend/.libs/libumax_pp.a
./backend/.libs/libsane-teco1.lai
./backend/.libs/libpieusb_la-pieusb_buffer.o
./backend/.libs/libsane-niash.lai
./backend/.libs/libgt68xx_la-gt68xx.o
./backend/.libs/libsane-pixma.so.1
./backend/.libs/libsane-dll.la
./backend/.libs/libsane_as6e_la-as6e-s.o
./backend/.libs/libhp3900.la
./backend/.libs/libsane_epjitsu_la-epjitsu-s.o
./backend/.libs/libsane-pie.so
./backend/.libs/libsane-p5.lai
./backend/.libs/libsane-kvs20xx.la
./backend/.libs/libumax_pp.la
./backend/.libs/libsane-hpljm1005.so.1.0.27
./backend/.libs/libgenesys_la-genesys_gl843.o
./backend/.libs/libsane-test.lai
./backend/.libs/libsane-teco3.lai
./backend/.libs/libsane_u12_la-u12-s.o
./backend/.libs/libstv680_la-stv680.o
./backend/.libs/libsane-qcam.so.1.0.27
./backend/.libs/libsane-qcam.so.1
./backend/.libs/libkvs1025_la-kvs1025_low.o
./backend/.libs/libsane-snapscan.lai
./backend/.libs/libmicrotek.a
./backend/.libs/libbh.a
./backend/.libs/libdmc.la
./backend/.libs/libsane-u12.so
./backend/.libs/libsane_kvs40xx_la-kvs40xx-s.o
./backend/.libs/libkvs40xx.a
./backend/.libs/libsane-agfafocus.so.1
./backend/.libs/libsane-sharp.la
./backend/.libs/libsane-as6e.lai
./backend/.libs/libhp.a
./backend/.libs/libsane-hs2p.lai
./backend/.libs/libgenesys.la
./backend/.libs/libsane-fujitsu.so.1.0.27
./backend/.libs/libepjitsu.a
./backend/.libs/libsane_microtek2_la-microtek2-s.o
./backend/.libs/libsane-artec.la
./backend/.libs/libpixma_la-pixma_mp810.o
./backend/.libs/libsane-sharp.so.1.0.27
./backend/.libs/libsane-canon630u.so
./backend/.libs/libsane-pieusb.so.1.0.27
./backend/.libs/libsane-teco2.so.1.0.27
./backend/.libs/libsane_lexmark_la-lexmark-s.o
./backend/.libs/libsane-ma1509.so
./backend/.libs/libsane-nec.la
./backend/.libs/libpixma_la-pixma_common.o
./backend/.libs/libsane-net.la
./backend/.libs/libsane-kvs20xx.so.1
./backend/.libs/libsane-hs2p.so.1.0.27
./backend/.libs/libsane-abaton.so.1.0.27
./backend/.libs/libplustek_pp.a
./backend/.libs/libsane-hp3900.lai
./backend/.libs/libcardscan.la
./backend/.libs/libkvs40xx_la-kvs40xx_cmd.o
./backend/.libs/libsane-teco3.so.1.0.27
./backend/kvs1025-s.c
./backend/hp3900_types.c
./backend/snapscan-sources.h
./backend/libricoh_la-ricoh.lo
./backend/hp5400-s.c
./backend/libkvs40xx_la-kvs40xx_opt.lo
./backend/ibm.c
./backend/libstv680_la-stv680.lo
./backend/umax-uc1260.c
./backend/plustek-usbshading.c
./backend/epsonds.conf
./backend/u12-tpa.c
./backend/hp3900.conf
./backend/teco3.conf.in
./backend/sm3600.h
./backend/umax_pp_mid.c
./backend/ibm-scsi.c
./backend/s9036-s.c
./backend/gt68xx_shm_channel.c
./backend/libsane_pieusb_la-pieusb-s.lo
./backend/libsane_kodak_la-kodak-s.lo
./backend/dc210.conf.in
./backend/p5.conf.in
./backend/sm3600-color.c
./backend/libsane_p5_la-p5-s.lo
./backend/epson2-cct.c
./backend/libp5.la
./backend/mustek_usb_high.h
./backend/libsane-sp15c.la
./backend/libkvs20xx_la-kvs20xx_opt.lo
./backend/dc25.conf
./backend/libsane-u12.la
./backend/plustek-usbscan.c
./backend/fujitsu-scsi.h
./backend/dell1600n_net.conf
./backend/dc210.h
./backend/mustek_usb2.c
./backend/libdmc_la-dmc.lo
./backend/sp15c.h
./backend/net.c
./backend/libsane_epson_la-epson-s.lo
./backend/libsane-kvs40xx.la
./backend/epson_usb.h
./backend/libgenesys_la-genesys_low.lo
./backend/libteco3.la
./backend/pixma_bjnp.h
./backend/libsane-ma1509.la
./backend/plustek-pp_scale.c
./backend/pnm.c
./backend/plustek-pp_types.h
./backend/pieusb_buffer.c
./backend/libkvs1025.la
./backend/avision.conf.in
./backend/coolscan3.c
./backend/hp.conf.in
./backend/libsane_epjitsu_la-epjitsu-s.lo
./backend/libsane_nec_la-nec-s.lo
./backend/kodak.conf
./backend/plustek-usbhw.c
./backend/libqcam_la-qcam.lo
./backend/libsane_mustek_usb_la-mustek_usb-s.lo
./backend/libsane_hp_la-hp-s.lo
./backend/kodakaio.h
./backend/libkvs1025_la-kvs1025_usb.lo
./backend/libsane-epjitsu.la
./backend/libcoolscan2.la
./backend/pixma_io_sanei.c
./backend/hp4200.conf
./backend/canon630u-s.c
./backend/genesys_conv.c
./backend/genesys_gl843.c
./backend/lexmark.c
./backend/umax_pp_mid.h
./backend/ma1509-s.c
./backend/ibm.conf.in
./backend/libniash.la
./backend/snapscan-usb.h
./backend/rts88xx_lib.h
./backend/epjitsu.c
./backend/coolscan3.conf.in
./backend/niash_xfer.h
./backend/libsm3600.la
./backend/libsane-pixma.la
./backend/matsushita.h
./backend/libas6e.la
./backend/libma1509.la
./backend/libsane-hp3500.la
./backend/microtek2.conf
./backend/genesys_gl847.c
./backend/libsane-sm3840.la
./backend/rts88xx_lib.c
./backend/plustek-usb.h
./backend/libsane_snapscan_la-snapscan-s.lo
./backend/epson2_usb.c
./backend/libsane_pie_la-pie-s.lo
./backend/libartec.la
./backend/ricoh.h
./backend/libsane-canon630u.la
./backend/libsane-microtek2.la
./backend/sm3600-homerun.c
./backend/hs2p.conf.in
./backend/pixma_mp150.c
./backend/libsane-fujitsu.la
./backend/teco2.conf
./backend/coolscan.conf.in
./backend/hp5400.conf
./backend/hpsj5s.c
./backend/s9036.conf.in
./backend/lexmark.conf.in
./backend/mustek_usb2.h
./backend/mustek_pp_ccd300.h
./backend/plustek-usbio.c
./backend/libgenesys_la-genesys_gl124.lo
./backend/snapscan-options.c
./backend/libsane_net_la-net-s.lo
./backend/mustek_usb2_reflective.c
./backend/sharp-s.c
./backend/libartec_la-artec.lo
./backend/libsane_mustek_usb2_la-mustek_usb2-s.lo
./backend/hp4200.c
./backend/libepson2_la-epson2_scsi.lo
./backend/libcanon_dr_la-canon_dr.lo
./backend/libsane-mustek.la
./backend/libleo_la-leo.lo
./backend/libcanon_la-canon.lo
./backend/libstv680.la
./backend/libs9036.la
./backend/libteco1_la-teco1.lo
./backend/tamarack.conf
./backend/libhp5590.la
./backend/magicolor-s.c
./backend/pieusb-s.c
./backend/pixma_bjnp_private.h
./backend/snapscan-usb.c
./backend/mustek_usb2_asic.h
./backend/umax.h
./backend/hp5400.conf.in
./backend/libcardscan_la-cardscan.lo
./backend/epson2_scsi.h
./backend/libcanon.la
./backend/snapscan.conf.in
./backend/qcam.conf.in
./backend/libsane-umax.la
./backend/u12.conf
./backend/plustek_pp.conf
./backend/libsane_kvs20xx_la-kvs20xx-s.lo
./backend/libsane_umax_la-umax-s.lo
./backend/epsonds-cmd.c
./backend/genesys.h
./backend/libumax1220u_la-umax1220u.lo
./backend/avision.c
./backend/u12-hw.c
./backend/kodak-cmd.h
./backend/plustek.c
./backend/stubs.c
./backend/libepson2_la-epson2-commands.lo
./backend/libsane-microtek.la
./backend/test.c
./backend/bh.h
./backend/s9036.h
./backend/libmustek_usb_la-mustek_usb.lo
./backend/canon_dr-s.c
./backend/artec_eplus48u.h
./backend/libcanon_dr.la
./backend/canon630u-common.c
./backend/agfafocus.c
./backend/dc25.c
./backend/libpieusb_la-pieusb_usb.lo
./backend/sp15c-s.c
./backend/pie.c
./backend/leo.conf.in
./backend/epsonds-ops.c
./backend/kvs40xx_opt.c
./backend/libsane-hp3900.la
./backend/libsane_dmc_la-dmc-s.lo
./backend/hp-scl.h
./backend/libsane-gt68xx.la
./backend/hpljm1005-s.c
./backend/libpixma.la
./backend/hp5400_internal.h
./backend/cardscan.c
./backend/plustek-pp_detect.c
./backend/plustek-pp_procfs.c
./backend/hpsj5s.conf.in
./backend/fujitsu.h
./backend/pie-scsidef.h
./backend/hp5590_cmds.c
./backend/avision.conf
./backend/libsane-sceptre.la
./backend/dmc.h
./backend/artec-s.c
./backend/libgenesys_la-genesys_gl841.lo
./backend/saned.conf.in
./backend/kvs1025.conf.in
./backend/canon.h
./backend/sceptre.conf.in
./backend/libgenesys_la-genesys_gl843.lo
./backend/epson2.c
./backend/hp.c
./backend/genesys_gl841.h
./backend/libniash_la-niash.lo
./backend/plustek-s.c
./backend/libsane-pieusb.la
./backend/rts8891.conf.in
./backend/artec_eplus48u.conf.in
./backend/libsane-as6e.la
./backend/libsane_genesys_la-genesys-s.lo
./backend/libepson_la-epson_scsi.lo
./backend/genesys_gl846.c
./backend/epsonds-net.h
./backend/umax_pp-s.c
./backend/libsane-pie.la
./backend/st400.c
./backend/libsane-coolscan3.la
./backend/gt68xx_low.c
./backend/libcoolscan3.la
./backend/canon630u.conf.in
./backend/saned.conf
./backend/epson.c
./backend/libsane-umax_pp.la
./backend/sceptre.conf
./backend/Makefile
./backend/plustek-pp_map.c
./backend/libsane_magicolor_la-magicolor-s.lo
./backend/gt68xx_gt6816.h
./backend/libsane_umax1220u_la-umax1220u-s.lo
./backend/libsane_epson2_la-epson2-s.lo
./backend/libsane_canon630u_la-canon630u-s.lo
./backend/libhp_la-hp-scl.lo
./backend/net.conf.in
./backend/epson_usb.c
./backend/libsp15c_la-sp15c.lo
./backend/dell1600n_net.conf.in
./backend/matsushita.conf
./backend/st400.conf
./backend/mustek.h
./backend/umax_pp.h
./backend/teco2.h
./backend/lexmark-s.c
./backend/libkodakaio.la
./backend/genesys.conf
./backend/epson_scsi.c
./backend/libhp_la-hp-handle.lo
./backend/libsane_la-dll-s.lo
./backend/umax_pp_low.c
./backend/canon_pp-dev.h
./backend/hp-device.h
./backend/libepjitsu.la
./backend/test.conf.in
./backend/kodakaio.c
./backend/plustek-pp_scan.h
./backend/hp5590_low.c
./backend/s9036.c
./backend/umax.conf
./backend/umax-uc630.c
./backend/gt68xx_mid.c
./backend/libsane-qcam.la
./backend/stv680.conf
./backend/kvs1025.h
./backend/snapscan-scsi.c
./backend/libpieusb_la-pieusb.lo
./backend/hpsj5s.h
./backend/u12-if.c
./backend/libpie.la
./backend/mustek_pp_ccd300.c
./backend/libsane-coolscan2.la
./backend/gt68xx_generic.c
./backend/libmicrotek_la-microtek.lo
./backend/libdll_la-dll.lo
./backend/plustek-usbimg.c
./backend/hp.conf
./backend/mustek_pp.h
./backend/hp-accessor.c
./backend/libfujitsu_la-fujitsu.lo
./backend/xerox_mfp.conf.in
./backend/as6e.c
./backend/hp5590-s.c
./backend/plustek-pp_motor.c
./backend/libtamarack_la-tamarack.lo
./backend/net.h
./backend/libsane-coolscan.la
./backend/pixma.conf.in
./backend/libplustek.la
./backend/magicolor.conf.in
./backend/libhp5400.la
./backend/kvs20xx_opt.c
./backend/kvs20xx.h
./backend/sp15c.c
./backend/gt68xx.c
./backend/plustek-pp_models.c
./backend/gt68xx_generic.h
./backend/dc240.h
./backend/libsane-lexmark.la
./backend/umax_pp_low.h
./backend/libsane_ma1509_la-ma1509-s.lo
./backend/kodak.c
./backend/libhs2p.la
./backend/ricoh-s.c
./backend/microtek.conf.in
./backend/xerox_mfp-tcp.c
./backend/libsane-canon.la
./backend/epsonds-ops.h
./backend/bh.conf.in
./backend/sceptre.h
./backend/dmc-s.c
./backend/librts8891_la-rts88xx_lib.lo
./backend/libxerox_mfp_la-xerox_mfp-usb.lo
./backend/umax1220u.conf.in
./backend/dc240.conf.in
./backend/sm3840.conf
./backend/hp5400_sanei.h
./backend/umax-uc1200se.c
./backend/libhp4200.la
./backend/mustek_usb2_transparent.c
./backend/apple.conf.in
./backend/leo.h
./backend/kodakaio.conf
./backend/libgenesys_la-genesys_gl846.lo
./backend/canon_dr-cmd.h
./backend/coolscan.h
./backend/bh.c
./backend/gt68xx.conf
./backend/hp4200_lm9830.c
./backend/hp3900_sane.c
./backend/apple.h
./backend/snapscan-mutex.c
./backend/hp5590.c
./backend/kvs1025_usb.h
./backend/libsane_tamarack_la-tamarack-s.lo
./backend/plustek-usb.c
./backend/libagfafocus.la
./backend/pie.conf
./backend/qcam-s.c
./backend/libepson2_la-epson2.lo
./backend/plustek_pp.c
./backend/gt68xx_high.h
./backend/canon_dr.conf
./backend/snapscan.c
./backend/epson2-commands.h
./backend/mustek_usb.conf
./backend/sm3600-s.c
./backend/dmc.c
./backend/libsane.la
./backend/umax.conf.in
./backend/libepson2_la-epson2-io.lo
./backend/libsane_st400_la-st400-s.lo
./backend/libkvs20xx_la-kvs20xx_cmd.lo
./backend/libplustek_pp.la
./backend/lexmark_sensors.c
./backend/libsane_hpljm1005_la-hpljm1005-s.lo
./backend/libsane-abaton.la
./backend/sm3840.c
./backend/plustek.h
./backend/libfujitsu.la
./backend/sm3840_scan.c
./backend/hs2p-scsi.h
./backend/libsane_artec_la-artec-s.lo
./backend/libsane_ibm_la-ibm-s.lo
./backend/libsane_kvs1025_la-kvs1025-s.lo
./backend/kodakaio.conf.in
./backend/umax1220u.conf
./backend/umax-ug630.c
./backend/libartec_eplus48u_la-artec_eplus48u.lo
./backend/libsane-s9036.la
./backend/libmustek_usb2.la
./backend/libagfafocus_la-agfafocus.lo
./backend/plustek-pp_sysdep.h
./backend/libdll_preload.la
./backend/libxerox_mfp.la
./backend/libdc25_la-dc25.lo
./backend/libsane-canon_dr.la
./backend/microtek2.conf.in
./backend/canon.c
./backend/qcam.conf
./backend/artec.conf
./backend/libhp_la-hp-option.lo
./backend/pixma.conf
./backend/net.conf
./backend/canon_pp.conf.in
./backend/libsp15c.la
./backend/rts8891.c
./backend/u12-shading.c
./backend/umax_pp.conf
./backend/libsane_ricoh_la-ricoh-s.lo
./backend/u12-map.c
./backend/kvs20xx.c
./backend/sm3600-scantool.h
./backend/libsane_hp5400_la-hp5400-s.lo
./backend/libsane-umax1220u.la
./backend/epson-s.c
./backend/libsane-magicolor.la
./backend/hp-hpmem.c
./backend/libteco2_la-teco2.lo
./backend/libpixma_la-pixma_bjnp.lo
./backend/kvs1025_cmds.h
./backend/gt68xx.conf.in
./backend/hp.TODO
./backend/umax-scsidef.h
./backend/snapscan-s.c
./backend/kvs1025_low.h
./backend/snapscan-data.c
./backend/librts8891_la-rts8891.lo
./backend/libepson2_la-epson2-ops.lo
./backend/mustek_usb_mid.c
./backend/canon.conf
./backend/teco2-s.c
./backend/libsane-apple.la
./backend/libbh_la-bh.lo
./backend/sm3600-scanmtek.c
./backend/liblexmark_la-lexmark_low.lo
./backend/libmatsushita.la
./backend/plustek-pp_wrapper.c
./backend/libsane_umax_pp_la-umax_pp-s.lo
./backend/sm3600-scanutil.c
./backend/plustek-pp_hwdefs.h
./backend/plustek-pp_dac.c
./backend/libsane-matsushita.la
./backend/hp5590_low.h
./backend/abaton.conf
./backend/kodak.h
./backend/libsane_coolscan3_la-coolscan3-s.lo
./backend/libapple.la
./backend/libsane_stv680_la-stv680-s.lo
./backend/pint.h
./backend/librts8891.la
./backend/epsonds-jpeg.h
./backend/hs2p.conf
./backend/microtek.c
./backend/p5_device.h
./backend/libsane_sceptre_la-sceptre-s.lo
./backend/libsane_xerox_mfp_la-xerox_mfp-s.lo
./backend/pieusb_scancmd.c
./backend/genesys.c
./backend/libsane-kodakaio.la
./backend/sm3600.c
./backend/hp5400_debug.c
./backend/stv680-s.c
./backend/libhp5590_la-hp5590.lo
./backend/umax_pp.c
./backend/cardscan.conf
./backend/tamarack.conf.in
./backend/pixma_sane_options.c
./backend/magicolor.conf
./backend/plustek-usbcalfile.c
./backend/pieusb_usb.h
./backend/libhp5400_la-hp5400.lo
./backend/cardscan.h
./backend/libkvs20xx_la-kvs20xx.lo
./backend/pieusb.conf
./backend/canon_pp-io.h
./backend/magicolor.h
./backend/canon630u.c
./backend/libsane-ricoh.la
./backend/ricoh-scsi.c
./backend/libsane_apple_la-apple-s.lo
./backend/libgt68xx_la-gt68xx.lo
./backend/mustek_pp_cis.h
./backend/lm9830.h
./backend/cardscan.conf.in
./backend/libtamarack.la
./backend/libkvs40xx_la-kvs40xx_cmd.lo
./backend/libkvs1025_la-kvs1025_low.lo
./backend/libepjitsu_la-epjitsu.lo
./backend/umax-uc840.c
./backend/umax-usb.c
./backend/libsane_plustek_pp_la-plustek_pp-s.lo
./backend/libpixma_la-pixma_imageclass.lo
./backend/hpsj5s.conf
./backend/sane_strstatus.c
./backend/libnec_la-nec.lo
./backend/libsane-snapscan.la
./backend/libsane-hpljm1005.la
./backend/libhp3500_la-hp3500.lo
./backend/microtek2.h
./backend/libsane-rts8891.la
./backend/libsane-cardscan.la
./backend/plustek-usbdevs.c
./backend/pixma_mp750.c
./backend/agfafocus.conf.in
./backend/libxerox_mfp_la-xerox_mfp-tcp.lo
./backend/kvs1025.conf
./backend/mustek_usb.c
./backend/tamarack.h
./backend/teco1-s.c
./backend/canon_dr.conf.in
./backend/genesys_low.c
./backend/abaton.c
./backend/libsceptre.la
./backend/net-s.c
./backend/libnec.la
./backend/artec_eplus48u.conf
./backend/mustek_usb_high.c
./backend/mustek_pp_drivers.h
./backend/libsane_coolscan_la-coolscan-s.lo
./backend/u12-motor.c
./backend/libsane-sm3600.la
./backend/libkodak.la
./backend/libmagicolor_la-magicolor.lo
./backend/libhp_la-hp.lo
./backend/mustek_usb2-s.c
./backend/libsharp.la
./backend/hp3900_usb.c
./backend/libsane_leo_la-leo-s.lo
./backend/umax-scanner.h
./backend/mustek_usb_low.c
./backend/mustek_scsi_pp.c
./backend/kvs40xx.c
./backend/canon_dr.h
./backend/libhp_la-hp-accessor.lo
./backend/libsane_as6e_la-as6e-s.lo
./backend/epson2_scsi.c
./backend/stv680.conf.in
./backend/libhp3500.la
./backend/libcoolscan2_la-coolscan2.lo
./backend/libmustek_usb.la
./backend/mustek_usb.h
./backend/sm3840_lib.c
./backend/libumax_pp_la-umax_pp_mid.lo
./backend/libu12_la-u12.lo
./backend/libabaton_la-abaton.lo
./backend/hp3900_debug.c
./backend/epson.conf.in
./backend/rts8891.conf
./backend/test-s.c
./backend/libsane_dc25_la-dc25-s.lo
./backend/hpljm1005.c
./backend/epson2-io.h
./backend/libsane_kodakaio_la-kodakaio-s.lo
./backend/mustek.conf
./backend/libpixma_la-pixma.lo
./backend/sm3840.conf.in
./backend/hs2p-s.c
./backend/mustek_usb_mid.h
./backend/libgenesys_la-genesys_gl847.lo
./backend/hp.h
./backend/mustek_usb-s.c
./backend/p5.h
./backend/mustek_pp_decl.h
./backend/gt68xx_devices.c
./backend/lexmark_models.c
./backend/libsane_fujitsu_la-fujitsu-s.lo
./backend/pixma_rename.h
./backend/tamarack.c
./backend/umax-ug80.c
./backend/libumax_la-umax.lo
./backend/xerox_mfp.h
./backend/pixma-s.c
./backend/plustek-pp_p48xx.c
./backend/Makefile.am
./backend/libsane-xerox_mfp.la
./backend/apple-s.c
./backend/libcoolscan.la
./backend/snapscan-sources.c
./backend/sp15c-scsi.h
./backend/plustek_pp.conf.in
./backend/libkvs1025_la-kvs1025.lo
./backend/test-picture.c
./backend/hs2p.h
./backend/niash-s.c
./backend/libsane-plustek.la
./backend/gphoto2.c
./backend/libtest.la
./backend/plustek-pp.h
./backend/libsane_hp3900_la-hp3900-s.lo
./backend/hs2p-scsi.c
./backend/dc240.c
./backend/p5-s.c
./backend/libepson2_la-epson2_usb.lo
./backend/ma1509.conf.in
./backend/hp3500-s.c
./backend/hp3900.c
./backend/libplustek_pp_la-plustek_pp.lo
./backend/genesys_gl841.c
./backend/libsane_cardscan_la-cardscan-s.lo
./backend/qcam.h
./backend/.deps
./backend/.deps/libartec_la-artec.Plo
./backend/.deps/libpieusb_la-pieusb_usb.Plo
./backend/.deps/libsane_plustek_pp_la-plustek_pp-s.Plo
./backend/.deps/libsane_hp3500_la-hp3500-s.Plo
./backend/.deps/libu12_la-u12.Plo
./backend/.deps/libabaton_la-abaton.Plo
./backend/.deps/libsane_genesys_la-genesys-s.Plo
./backend/.deps/libhp3500_la-hp3500.Plo
./backend/.deps/libepson2_la-epson2_scsi.Plo
./backend/.deps/libsane_canon_la-canon-s.Plo
./backend/.deps/libepson2_la-epson2_usb.Plo
./backend/.deps/libkvs40xx_la-kvs40xx.Plo
./backend/.deps/libsane_teco1_la-teco1-s.Plo
./backend/.deps/libsane_dll_la-dll-s.Plo
./backend/.deps/libgt68xx_la-gt68xx.Plo
./backend/.deps/libsane_p5_la-p5-s.Plo
./backend/.deps/libsane_coolscan3_la-coolscan3-s.Plo
./backend/.deps/libagfafocus_la-agfafocus.Plo
./backend/.deps/libdell1600n_net_la-dell1600n_net.Plo
./backend/.deps/libdc240_la-dc240.Plo
./backend/.deps/libsane_tamarack_la-tamarack-s.Plo
./backend/.deps/libsane_teco3_la-teco3-s.Plo
./backend/.deps/libsane_stv680_la-stv680-s.Plo
./backend/.deps/libsane_dc210_la-dc210-s.Plo
./backend/.deps/libhpsj5s_la-hpsj5s.Plo
./backend/.deps/libhp5400_la-hp5400.Plo
./backend/.deps/libgenesys_la-genesys_low.Plo
./backend/.deps/libsane_hp4200_la-hp4200-s.Plo
./backend/.deps/libpieusb_la-pieusb_scancmd.Plo
./backend/.deps/libcanon_dr_la-canon_dr.Plo
./backend/.deps/libsane_epson_la-epson-s.Plo
./backend/.deps/libsane_kvs40xx_la-kvs40xx-s.Plo
./backend/.deps/libkvs20xx_la-kvs20xx.Plo
./backend/.deps/libsane_dc240_la-dc240-s.Plo
./backend/.deps/libfujitsu_la-fujitsu.Plo
./backend/.deps/libsane_magicolor_la-magicolor-s.Plo
./backend/.deps/libepson2_la-epson2_net.Plo
./backend/.deps/libsane_avision_la-avision-s.Plo
./backend/.deps/libepsonds_la-epsonds-usb.Plo
./backend/.deps/libsane_apple_la-apple-s.Plo
./backend/.deps/libteco3_la-teco3.Plo
./backend/.deps/libsane_canon_dr_la-canon_dr-s.Plo
./backend/.deps/libmustek_usb_la-mustek_usb.Plo
./backend/.deps/libsane_hp_la-hp-s.Plo
./backend/.deps/libepson_la-epson_usb.Plo
./backend/.deps/libcoolscan_la-coolscan.Plo
./backend/.deps/libmustek_usb2_la-mustek_usb2.Plo
./backend/.deps/libricoh_la-ricoh.Plo
./backend/.deps/libmustek_pp_la-mustek_pp.Plo
./backend/.deps/libhp_la-hp-accessor.Plo
./backend/.deps/libkvs40xx_la-kvs40xx_cmd.Plo
./backend/.deps/libibm_la-ibm.Plo
./backend/.deps/libsane_xerox_mfp_la-xerox_mfp-s.Plo
./backend/.deps/libsane_bh_la-bh-s.Plo
./backend/.deps/libgenesys_la-genesys_gl846.Plo
./backend/.deps/libpixma_la-pixma_mp150.Plo
./backend/.deps/libsceptre_la-sceptre.Plo
./backend/.deps/libv4l_la-v4l.Plo
./backend/.deps/libmagicolor_la-magicolor.Plo
./backend/.deps/libsane_epjitsu_la-epjitsu-s.Plo
./backend/.deps/libepson2_la-epson2-ops.Plo
./backend/.deps/libepsonds_la-epsonds.Plo
./backend/.deps/libsane_sm3600_la-sm3600-s.Plo
./backend/.deps/libhp5590_la-hp5590.Plo
./backend/.deps/libplustek_pp_la-plustek_pp.Plo
./backend/.deps/libsane_rts8891_la-rts8891-s.Plo
./backend/.deps/libsane_sharp_la-sharp-s.Plo
./backend/.deps/libnet_la-net.Plo
./backend/.deps/libsane_test_la-test-s.Plo
./backend/.deps/libpnm_la-pnm.Plo
./backend/.deps/libavision_la-avision.Plo
./backend/.deps/libsane_microtek_la-microtek-s.Plo
./backend/.deps/libhp_la-hp.Plo
./backend/.deps/libhp_la-hp-device.Plo
./backend/.deps/libpixma_la-pixma_mp730.Plo
./backend/.deps/libkvs20xx_la-kvs20xx_cmd.Plo
./backend/.deps/libepson2_la-epson2.Plo
./backend/.deps/libpixma_la-pixma_io_sanei.Plo
./backend/.deps/libmicrotek_la-microtek.Plo
./backend/.deps/libumax_pp_la-umax_pp_mid.Plo
./backend/.deps/libepson2_la-epson2-cct.Plo
./backend/.deps/libsane_umax_pp_la-umax_pp-s.Plo
./backend/.deps/libsane_artec_la-artec-s.Plo
./backend/.deps/libepsonds_la-epsonds-net.Plo
./backend/.deps/libpieusb_la-pieusb_specific.Plo
./backend/.deps/libsane_pnm_la-pnm-s.Plo
./backend/.deps/libsane_pint_la-pint-s.Plo
./backend/.deps/libsane_pixma_la-pixma-s.Plo
./backend/.deps/libcoolscan2_la-coolscan2.Plo
./backend/.deps/umax_pp_low.Plo
./backend/.deps/libsane_teco2_la-teco2-s.Plo
./backend/.deps/libhp3900_la-hp3900.Plo
./backend/.deps/libsane_lexmark_la-lexmark-s.Plo
./backend/.deps/libsane_mustek_la-mustek-s.Plo
./backend/.deps/libsane_kvs1025_la-kvs1025-s.Plo
./backend/.deps/libdc210_la-dc210.Plo
./backend/.deps/libcanon630u_la-canon630u.Plo
./backend/.deps/libhpljm1005_la-hpljm1005.Plo
./backend/.deps/libplustek_la-plustek.Plo
./backend/.deps/libgenesys_la-genesys_gl847.Plo
./backend/.deps/libsane_sp15c_la-sp15c-s.Plo
./backend/.deps/libepson2_la-epson2-io.Plo
./backend/.deps/libst400_la-st400.Plo
./backend/.deps/libsane_artec_eplus48u_la-artec_eplus48u-s.Plo
./backend/.deps/libmustek_la-mustek.Plo
./backend/.deps/libumax_la-umax.Plo
./backend/.deps/libsane_ma1509_la-ma1509-s.Plo
./backend/.deps/libsane_hpljm1005_la-hpljm1005-s.Plo
./backend/.deps/libepsonds_la-epsonds-ops.Plo
./backend/.deps/libma1509_la-ma1509.Plo
./backend/.deps/libsane_matsushita_la-matsushita-s.Plo
./backend/.deps/libepsonds_la-epsonds-io.Plo
./backend/.deps/libsane_kvs20xx_la-kvs20xx-s.Plo
./backend/.deps/libsane_plustek_la-plustek-s.Plo
./backend/.deps/libsane_v4l_la-v4l-s.Plo
./backend/.deps/libsane_hp3900_la-hp3900-s.Plo
./backend/.deps/libcanon_pp_la-canon_pp-io.Plo
./backend/.deps/libkodakaio_la-kodakaio.Plo
./backend/.deps/libkvs1025_la-kvs1025.Plo
./backend/.deps/libepson_la-epson.Plo
./backend/.deps/libumax_pp_la-umax_pp.Plo
./backend/.deps/libsm3840_la-sm3840.Plo
./backend/.deps/libepson2_la-epson2-commands.Plo
./backend/.deps/libsane_leo_la-leo-s.Plo
./backend/.deps/libpixma_la-pixma.Plo
./backend/.deps/libpixma_la-pixma_mp810.Plo
./backend/.deps/libsane_pieusb_la-pieusb-s.Plo
./backend/.deps/libkvs20xx_la-kvs20xx_opt.Plo
./backend/.deps/libapple_la-apple.Plo
./backend/.deps/libteco2_la-teco2.Plo
./backend/.deps/libcanon_pp_la-canon_pp.Plo
./backend/.deps/libsane_epson2_la-epson2-s.Plo
./backend/.deps/libpieusb_la-pieusb_buffer.Plo
./backend/.deps/libsane_dc25_la-dc25-s.Plo
./backend/.deps/libgenesys_la-genesys_gl124.Plo
./backend/.deps/libgenesys_la-genesys_gl843.Plo
./backend/.deps/libsane_gphoto2_la-gphoto2-s.Plo
./backend/.deps/libsane_snapscan_la-snapscan-s.Plo
./backend/.deps/libleo_la-leo.Plo
./backend/.deps/libsane_umax1220u_la-umax1220u-s.Plo
./backend/.deps/libteco1_la-teco1.Plo
./backend/.deps/libdll_preload_la-dll.Plo
./backend/.deps/libtamarack_la-tamarack.Plo
./backend/.deps/libepjitsu_la-epjitsu.Plo
./backend/.deps/libsane_canon630u_la-canon630u-s.Plo
./backend/.deps/libdmc_la-dmc.Plo
./backend/.deps/libsane_la-dll-s.Plo
./backend/.deps/libsane_niash_la-niash-s.Plo
./backend/.deps/libgphoto2_i_la-gphoto2.Plo
./backend/.deps/libdll_la-dll.Plo
./backend/.deps/libpie_la-pie.Plo
./backend/.deps/libas6e_la-as6e.Plo
./backend/.deps/libxerox_mfp_la-xerox_mfp-tcp.Plo
./backend/.deps/libsane_st400_la-st400-s.Plo
./backend/.deps/libpixma_la-pixma_common.Plo
./backend/.deps/libepsonds_la-epsonds-cmd.Plo
./backend/.deps/libpieusb_la-pieusb.Plo
./backend/.deps/libniash_la-niash.Plo
./backend/.deps/libhp_la-hp-handle.Plo
./backend/.deps/libhp4200_la-hp4200.Plo
./backend/.deps/libsane_as6e_la-as6e-s.Plo
./backend/.deps/libsane_dmc_la-dmc-s.Plo
./backend/.deps/liblexmark_la-lexmark.Plo
./backend/.deps/libgenesys_la-genesys_gl646.Plo
./backend/.deps/libxerox_mfp_la-xerox_mfp-usb.Plo
./backend/.deps/libepson_la-epson_scsi.Plo
./backend/.deps/libnec_la-nec.Plo
./backend/.deps/libsane_kodak_la-kodak-s.Plo
./backend/.deps/libmatsushita_la-matsushita.Plo
./backend/.deps/libsane_hs2p_la-hs2p-s.Plo
./backend/.deps/libhp_la-hp-scl.Plo
./backend/.deps/libsane_hp5590_la-hp5590-s.Plo
./backend/.deps/libsnapscan_la-snapscan.Plo
./backend/.deps/libsane_epsonds_la-epsonds-s.Plo
./backend/.deps/libgenesys_la-genesys.Plo
./backend/.deps/libsp15c_la-sp15c.Plo
./backend/.deps/libsm3600_la-sm3600.Plo
./backend/.deps/libsane_hp5400_la-hp5400-s.Plo
./backend/.deps/libsane_hpsj5s_la-hpsj5s-s.Plo
./backend/.deps/libsharp_la-sharp.Plo
./backend/.deps/libcardscan_la-cardscan.Plo
./backend/.deps/libsane_mustek_usb2_la-mustek_usb2-s.Plo
./backend/.deps/libepsonds_la-epsonds-jpeg.Plo
./backend/.deps/libbh_la-bh.Plo
./backend/.deps/libkvs1025_la-kvs1025_usb.Plo
./backend/.deps/libsane_pie_la-pie-s.Plo
./backend/.deps/libhs2p_la-hs2p.Plo
./backend/.deps/libmicrotek2_la-microtek2.Plo
./backend/.deps/libqcam_la-qcam.Plo
./backend/.deps/libcoolscan3_la-coolscan3.Plo
./backend/.deps/librts8891_la-rts8891.Plo
./backend/.deps/libsane_coolscan2_la-coolscan2-s.Plo
./backend/.deps/libsane_fujitsu_la-fujitsu-s.Plo
./backend/.deps/libsane_umax_la-umax-s.Plo
./backend/.deps/libkodak_la-kodak.Plo
./backend/.deps/libsane_ibm_la-ibm-s.Plo
./backend/.deps/libsane_net_la-net-s.Plo
./backend/.deps/libpixma_la-pixma_mp750.Plo
./backend/.deps/libsane_s9036_la-s9036-s.Plo
./backend/.deps/libgenesys_la-genesys_gl841.Plo
./backend/.deps/libsane_gt68xx_la-gt68xx-s.Plo
./backend/.deps/libhp_la-hp-option.Plo
./backend/.deps/libsane_canon_pp_la-canon_pp-s.Plo
./backend/.deps/libsane_u12_la-u12-s.Plo
./backend/.deps/sane_strstatus.Plo
./backend/.deps/libpixma_la-pixma_bjnp.Plo
./backend/.deps/libdc25_la-dc25.Plo
./backend/.deps/libtest_la-test.Plo
./backend/.deps/libsane_ricoh_la-ricoh-s.Plo
./backend/.deps/libstv680_la-stv680.Plo
./backend/.deps/libsane_sm3840_la-sm3840-s.Plo
./backend/.deps/libhp_la-hp-hpmem.Plo
./backend/.deps/libsane_qcam_la-qcam-s.Plo
./backend/.deps/libumax1220u_la-umax1220u.Plo
./backend/.deps/libsane_coolscan_la-coolscan-s.Plo
./backend/.deps/libsane_sceptre_la-sceptre-s.Plo
./backend/.deps/libs9036_la-s9036.Plo
./backend/.deps/libsane_nec_la-nec-s.Plo
./backend/.deps/libpixma_la-pixma_imageclass.Plo
./backend/.deps/libsane_kodakaio_la-kodakaio-s.Plo
./backend/.deps/libcanon_la-canon.Plo
./backend/.deps/libpint_la-pint.Plo
./backend/.deps/libsane_dell1600n_net_la-dell1600n_net-s.Plo
./backend/.deps/libsane_mustek_usb_la-mustek_usb-s.Plo
./backend/.deps/libp5_la-p5.Plo
./backend/.deps/libumax_pp_la-umax_pp_low.Plo
./backend/.deps/librts8891_la-rts88xx_lib.Plo
./backend/.deps/liblexmark_la-lexmark_low.Plo
./backend/.deps/libsane_abaton_la-abaton-s.Plo
./backend/.deps/libsane_mustek_pp_la-mustek_pp-s.Plo
./backend/.deps/libsane_cardscan_la-cardscan-s.Plo
./backend/.deps/libartec_eplus48u_la-artec_eplus48u.Plo
./backend/.deps/libkvs40xx_la-kvs40xx_opt.Plo
./backend/.deps/libcanon_pp_la-canon_pp-dev.Plo
./backend/.deps/libsane_agfafocus_la-agfafocus-s.Plo
./backend/.deps/libxerox_mfp_la-xerox_mfp.Plo
./backend/.deps/libsane_microtek2_la-microtek2-s.Plo
./backend/.deps/libkvs1025_la-kvs1025_opt.Plo
./backend/.deps/libkvs1025_la-kvs1025_low.Plo
./backend/libsane-stv680.la
./backend/libepson_la-epson_usb.lo
./backend/libteco2.la
./backend/coolscan2.c
./backend/kvs20xx_cmd.h
./backend/libpixma_la-pixma_mp750.lo
./backend/plustek-pp_genericio.c
./backend/genesys_conv_hlp.c
./backend/hp5400_internal.c
./backend/umax1220u.c
./backend/libteco1.la
./backend/nec.conf
./backend/artec.c
./backend/plustek-pp_io.c
./backend/sm3600-scanusb.c
./backend/dc210.conf
./backend/sceptre-s.c
./backend/libdll_preload_la-dll.lo
./backend/libkvs20xx.la
./backend/kvs40xx.h
./backend/teco3.conf
./backend/epson2-ops.c
./backend/nec.conf.in
./backend/bh-s.c
./backend/hp-accessor.h
./backend/libsane_sm3600_la-sm3600-s.lo
./backend/scripts
./backend/scripts/pixma_gen_options.py
./backend/epsonds-usb.h
./backend/libricoh.la
./backend/libsane_hs2p_la-hs2p-s.lo
./backend/umax1220u-common.c
./backend/apple.c
./backend/hp.README
./backend/rts8891_low.c
./backend/genesys-s.c
./backend/gt68xx.h
./backend/epson2.conf
./backend/matsushita-s.c
./backend/libsane-bh.la
./backend/epson2-io.c
./backend/hp5400_debug.h
./backend/abaton.h
./backend/libgt68xx.la
./backend/ricoh.c
./backend/libsane_niash_la-niash-s.lo
./backend/teco1.conf
./backend/libst400_la-st400.lo
./backend/liblexmark.la
./backend/plustek-usbcal.c
./backend/teco2.c
./backend/libkvs40xx_la-kvs40xx.lo
./backend/canon-s.c
./backend/xerox_mfp-usb.c
./backend/mustek_pp.conf.in
./backend/libsane-test.la
./backend/libhpljm1005_la-hpljm1005.lo
./backend/dll.conf
./backend/nec.c
./backend/plustek-pp_procs.h
./backend/pint.c
./backend/canon.conf.in
./backend/plustek-pp_image.c
./backend/libsane-hp4200.la
./backend/pixma_mp730.c
./backend/fujitsu-s.c
./backend/libp5_la-p5.lo
./backend/coolscan2.conf
./backend/nec.h
./backend/s9036.conf
./backend/libsane_rts8891_la-rts8891-s.lo
./backend/libsane-leo.la
./backend/libibm_la-ibm.lo
./backend/libepson2.la
./backend/mustek_pp.c
./backend/umax-s.c
./backend/libbh.la
./backend/epson2-s.c
./backend/apple.conf
./backend/libdc25.la
./backend/mustek-s.c
./backend/libcoolscan_la-coolscan.lo
./backend/sm3840-s.c
./backend/dmc.conf
./backend/libqcam.la
./backend/Makefile.in
./backend/libsane_teco1_la-teco1-s.lo
./backend/artec_eplus48u.c
./backend/libsm3840.la
./backend/gt68xx_mid.h
./backend/plustek-usbmap.c
./backend/hp5400.c
./backend/leo.conf
./backend/gphoto2.conf
./backend/hp5400_sanei.c
./backend/agfafocus.conf
./backend/v4l.conf
./backend/mustek_usb2_asic.c
./backend/niash_core.h
./backend/libpie_la-pie.lo
./backend/libepson.la
./backend/pixma_imageclass.c
./backend/ibm.conf
./backend/u12-s.c
./backend/gt68xx_gt6801.c
./backend/fujitsu.conf.in
./backend/libu12.la
./backend/plustek-pp_p12ccd.c
./backend/libsane-dc25.la
./backend/coolscan.conf
./backend/libtest_la-test.lo
./backend/fujitsu.c
./backend/epson.conf
./backend/libsane-niash.la
./backend/libsane-tamarack.la
./backend/canon-sane.c
./backend/epson2.h
./backend/libmustek_la-mustek.lo
./backend/libcanon630u_la-canon630u.lo
./backend/epsonds.c
./backend/agfafocus.h
./backend/plustek-pp_ptdrv.c
./backend/libsane_mustek_la-mustek-s.lo
./backend/libsane_coolscan2_la-coolscan2-s.lo
./backend/genesys_devices.c
./backend/libhs2p_la-hs2p.lo
./backend/rts8891.h
./backend/pieusb.h
./backend/libpieusb_la-pieusb_buffer.lo
./backend/libsane_sp15c_la-sp15c-s.lo
./backend/v4l.c
./backend/libhpljm1005.la
./backend/libsane_bh_la-bh-s.lo
./backend/hp-device.c
./backend/libsane-avision.la
./backend/libepson2_la-epson2-cct.lo
./backend/pixma_mp810.c
./backend/libmicrotek2_la-microtek2.lo
./backend/kvs1025_opt.c
./backend/libhp_la-hp-device.lo
./backend/libcanon630u.la
./backend/libsane-genesys.la
./backend/mustek_usb.conf.in
./backend/gphoto2.h
./backend/artec.conf.in
./backend/libsane-mustek_usb2.la
./backend/hp-option.c
./backend/matsushita.conf.in
./backend/epson2_net.c
./backend/libapple_la-apple.lo
./backend/libartec_eplus48u.la
./backend/libsane_qcam_la-qcam-s.lo
./backend/sm3600-gray.c
./backend/teco3-s.c
./backend/libsane-hp5400.la
./backend/epjitsu-s.c
./backend/libsane-plustek_pp.la
./backend/plustek-pp_scandata.h
./backend/as6e-s.c
./backend/libsane_matsushita_la-matsushita-s.lo
./backend/plustek-pp_misc.c
./backend/plustek-pp_p9636.c
./backend/plustek.conf
./backend/hp-s.c
./backend/mustek_pp.conf
./backend/artec_eplus48u-s.c
./backend/fujitsu.conf
./backend/leo-s.c
./backend/sm3840_params.h
./backend/sharp.h
./backend/kvs40xx-s.c
./backend/umax_pp_low.lo
./backend/dmc.conf.in
./backend/coolscan.c
./backend/libsane-ibm.la
./backend/libumax1220u.la
./backend/epson2.conf.in
./backend/teco3.h
./backend/genesys_gl843.h
./backend/libmustek.la
./backend/stv680.h
./backend/liblexmark_la-lexmark.lo
./backend/u12-image.c
./backend/libsane-agfafocus.la
./backend/epsonds-net.c
./backend/hp5400_sane.c
./backend/epjitsu-cmd.h
./backend/libhp3900_la-hp3900.lo
./backend/plustek-pp_dbg.h
./backend/mustek_usb_low.h
./backend/mustek_scsi_pp.h
./backend/libsane-kodak.la
./backend/coolscan3.conf
./backend/libsane_sm3840_la-sm3840-s.lo
./backend/libsane-dmc.la
./backend/libsane_pixma_la-pixma-s.lo
./backend/libsane-mustek_usb.la
./backend/libepson2_la-epson2_net.lo
./backend/libsane_sharp_la-sharp-s.lo
./backend/libhp.la
./backend/dll-preload.h
./backend/coolscan-scsidef.h
./backend/libdll.la
./backend/sharp.conf
./backend/genesys_gl847.h
./backend/libsm3600_la-sm3600.lo
./backend/pixma_sane_options.h
./backend/canon-scsi.c
./backend/libsane-teco3.la
./backend/ricoh.conf
./backend/epson2_net.h
./backend/libxerox_mfp_la-xerox_mfp.lo
./backend/v4l.conf.in
./backend/libsane-st400.la
./backend/sp15c.conf.in
./backend/hs2p.c
./backend/genesys.conf.in
./backend/libsane-teco1.la
./backend/libsane_hp4200_la-hp4200-s.lo
./backend/libsane_teco3_la-teco3-s.lo
./backend/genesys_gl124.c
./backend/libsane-teco2.la
./backend/epjitsu.conf.in
./backend/lexmark_low.c
./backend/kvs20xx_cmd.c
./backend/libpixma_la-pixma_io_sanei.lo
./backend/kodakaio-s.c
./backend/genesys_gl646.h
./backend/ma1509.h
./backend/canon_pp.conf
./backend/epsonds-io.c
./backend/matsushita.c
./backend/epsonds-io.h
./backend/pieusb.conf.in
./backend/hp5590_cmds.h
./backend/libpixma_la-pixma_common.lo
./backend/u12.c
./backend/canon_pp-io.c
./backend/libibm.la
./backend/sane_strstatus.lo
./backend/mustek_usb2_high.h
./backend/pieusb_scancmd.h
./backend/libnet_la-net.lo
./backend/umax.c
./backend/hp3900-s.c
./backend/pieusb_specific.h
./backend/umax_pp.conf.in
./backend/libsane-p5.la
./backend/libgenesys_la-genesys.lo
./backend/teco1.h
./backend/coolscan2.conf.in
./backend/dc25.h
./backend/epsonds-usb.c
./backend/ma1509.conf
./backend/gt68xx_gt6816.c
./backend/libmicrotek2.la
./backend/libsane_hp5590_la-hp5590-s.lo
./backend/hp5400.h
./backend/libsane_abaton_la-abaton-s.lo
./backend/gt68xx_shm_channel.h
./backend/epsonds-jpeg.c
./backend/pie-s.c
./backend/dc25-s.c
./backend/libsane_kvs40xx_la-kvs40xx-s.lo
./backend/magicolor.c
./backend/libsane_avision_la-avision-s.lo
./backend/p5_device.c
./backend/dell1600n_net.c
./backend/libavision.la
./backend/dc25.conf.in
./backend/hp-option.h
./backend/microtek.conf
./backend/sp15c.conf
./backend/kvs1025_low.c
./backend/libkvs40xx.la
./backend/agfafocus-s.c
./backend/libleo.la
./backend/st400-s.c
./backend/epson.h
./backend/libsane-hp.la
./backend/hp3900.conf.in
./backend/libsane_artec_eplus48u_la-artec_eplus48u-s.lo
./backend/umax1220u-s.c
./backend/libcoolscan3_la-coolscan3.lo
./backend/niash.c
./backend/hp-scl.c
./backend/libavision_la-avision.lo
./backend/umax-uc1200s.c
./backend/nec-s.c
./backend/libst400.la
./backend/libpieusb_la-pieusb_specific.lo
./backend/pie.conf.in
./backend/kvs20xx-s.c
./backend/epjitsu.h
./backend/ibm-s.c
./backend/ricoh.conf.in
./backend/libsnapscan.la
./backend/niash_core.c
./backend/canon_pp.c
./backend/libsane_agfafocus_la-agfafocus-s.lo
./backend/kodak.conf.in
./backend/libsane_test_la-test-s.lo
./backend/libma1509_la-ma1509.lo
./backend/p5.c
./backend/gt68xx-s.c
./backend/libsane_dll_la-dll-s.lo
./backend/sm3840_lib.h
./backend/libgenesys_la-genesys_gl646.lo
./backend/libsane-hs2p.la
./backend/libsane-epson2.la
./backend/pieusb_buffer.h
./backend/libmagicolor.la
./backend/teco2.conf.in
./backend/libsane_canon_dr_la-canon_dr-s.lo
./backend/lexmark.conf
./backend/teco1.conf.in
./backend/sharp.conf.in
./backend/libsane-kvs1025.la
./backend/libsane-artec_eplus48u.la
./backend/mustek.conf.in
./backend/pieusb_specific.c
./backend/dc240.conf
./backend/hp5400_xfer.h
./backend/libsane-epson.la
./backend/lexmark.h
./backend/sharp.c
./backend/libs9036_la-s9036.lo
./backend/libsnapscan_la-snapscan.lo
./backend/epson_scsi.h
./backend/pixma_bjnp.c
./backend/xerox_mfp.conf
./backend/u12.conf.in
./backend/hs2p-saneopts.h
./backend/libsane-hp5590.la
./backend/sceptre.c
./backend/libmustek_usb2_la-mustek_usb2.lo
./backend/hp-handle.h
./backend/teco1.c
./backend/libabaton.la
./backend/qcam.c
./backend/libmicrotek.la
./backend/libepson_la-epson.lo
./backend/rts8891-s.c
./backend/genesys_gl646.c
./backend/mustek_pp_null.c
./backend/genesys_low.h
./backend/hp4200.conf.in
./backend/plustek-pp_p12.c
./backend/libmatsushita_la-matsushita.lo
./backend/u12-hwdef.h
./backend/libsane_gt68xx_la-gt68xx-s.lo
./backend/epsonds-cmd.h
./backend/hp3900_config.c
./backend/p5.conf
./backend/plustek-pp_tpa.c
./backend/libsane_teco2_la-teco2-s.lo
./backend/hp-scsi.h
./backend/plustek_pp-s.c
./backend/microtek-s.c
./backend/libnet.la
./backend/st400.h
./backend/libpieusb.la
./backend/sm3840.h
./backend/ibm.h
./backend/libkvs1025_la-kvs1025_opt.lo
./backend/epsonds.conf.in
./backend/libsane_microtek_la-microtek-s.lo
./backend/hp3900_rts8822.c
./backend/rts8891_devices.c
./backend/libhp4200_la-hp4200.lo
./backend/libsharp_la-sharp.lo
./backend/libsane_microtek2_la-microtek2-s.lo
./backend/cardscan-s.c
./backend/tamarack-s.c
./backend/pieusb.c
./backend/coolscan-s.c
./backend/libpixma_la-pixma_mp150.lo
./backend/snapscan.h
./backend/libsane-dll.la
./backend/hp4200_lm9830.h
./backend/epson2-ops.h
./backend/libpieusb_la-pieusb_scancmd.lo
./backend/u12-ccd.c
./backend/v4l-frequencies.h
./backend/kvs1025.c
./backend/libhp3900.la
./backend/stv680.c
./backend/dll-s.c
./backend/libsane_plustek_la-plustek-s.lo
./backend/gt68xx_high.c
./backend/u12-io.c
./backend/rts8891_low.h
./backend/epson2-commands.c
./backend/libsane-kvs20xx.la
./backend/libsm3840_la-sm3840.lo
./backend/libsane_lexmark_la-lexmark-s.lo
./backend/hp4200-s.c
./backend/libumax_pp.la
./backend/u12.h
./backend/microtek.h
./backend/libpixma_la-pixma_mp810.lo
./backend/.gitignore
./backend/microtek2.c
./backend/hp-handle.c
./backend/coolscan3-s.c
./backend/mustek_pp_cis.c
./backend/libsane_canon_la-canon-s.lo
./backend/pieusb_usb.c
./backend/canon630u.conf
./backend/pixma_io.h
./backend/libumax_pp_la-umax_pp.lo
./backend/libumax_pp_la-umax_pp_low.lo
./backend/libdmc.la
./backend/kodak-s.c
./backend/kvs40xx_cmd.c
./backend/abaton-s.c
./backend/dll.c
./backend/coolscan2-s.c
./backend/libsane-sharp.la
./backend/genesys_gl124.h
./backend/gt68xx_low.h
./backend/libgenesys.la
./backend/artec.h
./backend/libpixma_la-pixma_mp730.lo
./backend/pixma.c
./backend/hp4200.h
./backend/test.h
./backend/pixma_common.c
./backend/libsane-artec.la
./backend/genesys_gl846.h
./backend/umax-scanner.c
./backend/u12-scanner.h
./backend/snapscan.conf
./backend/avision-s.c
./backend/kvs1025_usb.c
./backend/gphoto2.conf.in
./backend/plustek.conf.in
./backend/hp3500.c
./backend/avision.h
./backend/libplustek_la-plustek.lo
./backend/epjitsu.conf
./backend/dll.conf.in
./backend/mustek_usb2_high.c
./backend/teco3.c
./backend/canon_dr.c
./backend/libsane_hp3500_la-hp3500-s.lo
./backend/libsane_s9036_la-s9036-s.lo
./backend/libsceptre_la-sceptre.lo
./backend/st400.conf.in
./backend/dll.aliases
./backend/pixma.h
./backend/libkodak_la-kodak.lo
./backend/leo.c
./backend/bh.conf
./backend/libsane-nec.la
./backend/dc210.c
./backend/pixma_common.h
./backend/libsane_u12_la-u12-s.lo
./backend/libsane-net.la
./backend/mustek.c
./backend/libas6e_la-as6e.lo
./backend/canon_pp-dev.c
./backend/ma1509.c
./backend/epsonds.h
./backend/gt68xx_gt6801.h
./backend/niash_xfer.c
./backend/abaton.conf.in
./backend/test.conf
./backend/v4l.h
./backend/libhp_la-hp-hpmem.lo
./backend/libcardscan.la
./backend/xerox_mfp-s.c
./backend/microtek2-s.c
./backend/libkodakaio_la-kodakaio.lo
./backend/xerox_mfp.c
./backend/libteco3_la-teco3.lo
./backend/canon_pp.h
./ar-lib
./feh_007063_000001_filelist
